
> @human-0/web@1.8.5 build
> expo export -p web

env: load .env
env: export WALLETCONNECT_PROJECT_ID
Starting Metro Bundler
Static rendering is enabled. Learn more: https://docs.expo.dev/router/reference/static-rendering/
Web node_modules/.pnpm/expo-router@6.0.15_mdd6eqdmopb2k7mf5aqqgyxzj4/node_modules/expo-router/entry.js ░░░░░░░░░░░░░░░░  0.0% (0/1)
λ node_modules/.pnpm/expo-router@6.0.15_mdd6eqdmopb2k7mf5aqqgyxzj4/node_modules/expo-router/node/render.js ░░░░░░░░░░░░░░░░  0.0% (0/1)
 WARN  Attempted to import the module "/home/ed/Documents/LSTS/human-0.com/node_modules/.pnpm/@noble+hashes@1.8.0/node_modules/@noble/hashes/crypto.js" which is not listed in the "exports" of "/home/ed/Documents/LSTS/human-0.com/node_modules/.pnpm/@noble+hashes@1.8.0/node_modules/@noble/hashes" under the requested subpath "./crypto.js". Falling back to file-based resolution. Consider updating the call site or asking the package maintainer(s) to expose this API.
Web node_modules/.pnpm/expo-router@6.0.15_mdd6eqdmopb2k7mf5aqqgyxzj4/node_modules/expo-router/entry.js ▓▓▓▓▓▓▓▓▓▓▓▓▓▓░░ 89.9% (3750/3955)
λ node_modules/.pnpm/expo-router@6.0.15_mdd6eqdmopb2k7mf5aqqgyxzj4/node_modules/expo-router/node/render.js ▓▓▓▓▓▓▓▓▓▓▓▓▓▓▓░ 97.2% (4403/4465)
Web Bundled 3606ms node_modules/.pnpm/expo-router@6.0.15_mdd6eqdmopb2k7mf5aqqgyxzj4/node_modules/expo-router/entry.js (3955 modules)
λ Bundled 3663ms node_modules/.pnpm/expo-router@6.0.15_mdd6eqdmopb2k7mf5aqqgyxzj4/node_modules/expo-router/node/render.js (4465 modules)
λ Bundled 718ms apps/web/app/api/terms+api.ts (1 module)
λ Bundled 754ms apps/web/app/api/privacy+api.ts (1 module)
λ Bundled 711ms apps/web/app/api/auth/google+api.ts (1 module)
λ apps/web/app/api/human-stats+api.ts ░░░░░░░░░░░░░░░░  0.0% (0/1)
λ Bundled 749ms apps/web/app/api/human-stats+api.ts (1 module)
λ Bundled 737ms apps/web/app/api/auth/magic-link+api.ts (1 module)
λ Bundled 712ms apps/web/app/api/auth/verify-otp+api.ts (1 module)
λ Bundled 716ms apps/web/app/api/auth/google/callback+api.ts (1 module)

› web bundles (5):
_expo/static/css/web-075b6b5f7611330b14e09b7b6b0442ad.css (45.4 kB)
_expo/static/js/web/AuthModal-b866166bae7d228105189255ffb6ba33.js (16.5 kB)
_expo/static/js/web/entry-0f9f281da81b38e76db8f1809c8723aa.js (5.41 MB)
_expo/static/js/web/native-322aaeee7a97853e9cfbcf5d37402a49.js (620 B)
_expo/static/js/web/useAuth-8ba044344fa51dc614fd3803ec48e34a.js (1.8 kB)

› Static routes (16):
/nfts (29.9 kB)
/ (index) (22.4 kB)
/terms (27.7 kB)
/canvas (56.5 kB)
/impact (32 kB)
/privacy (27.7 kB)
/profile (32.1 kB)
/identity (32.9 kB)
/_sitemap (19.2 kB)
/+not-found (19.2 kB)
/pdf-download (40.5 kB)
/documentation (22.9 kB)
/dashboard (23.2 kB)
/dashboard/identity (23.2 kB)
/documentation/terms (22.6 kB)
/documentation/privacy (22.6 kB)

› API routes (7):
/api/terms (5.77 kB) (source map (7.55 kB))
/api/privacy (5.8 kB) (source map (7.55 kB))
/api/auth/google (4.65 kB) (source map (6.7 kB))
/api/human-stats (5.32 kB) (source map (7.27 kB))
/api/auth/magic-link (4.82 kB) (source map (7.05 kB))
/api/auth/verify-otp (4.94 kB) (source map (7.12 kB))
/api/auth/google/callback (5.28 kB) (source map (7.51 kB))

Exported: dist
