
> @human-0/web@1.8.5 build
> expo export -p web

env: load .env
Could not resolve @noble/hashes alias: Package subpath './lib/crypto.js' is not defined by "exports" in /home/ed/Documents/LSTS/human-0.com/node_modules/.pnpm/node_modules/@noble/hashes/package.json
env: export WALLETCONNECT_PROJECT_ID
Starting Metro Bundler
Static rendering is enabled. Learn more: https://docs.expo.dev/router/reference/static-rendering/
Web node_modules/.pnpm/expo-router@6.0.15_mdd6eqdmopb2k7mf5aqqgyxzj4/node_modules/expo-router/entry.js ░░░░░░░░░░░░░░░░  0.0% (0/1)
λ node_modules/.pnpm/expo-router@6.0.15_mdd6eqdmopb2k7mf5aqqgyxzj4/node_modules/expo-router/node/render.js ░░░░░░░░░░░░░░░░  0.0% (0/1)
 WARN  The package /home/ed/Documents/LSTS/human-0.com/node_modules/.pnpm/use-latest-callback@0.2.6_react@19.1.0/node_modules/use-latest-callback contains an invalid package.json configuration. Consider raising this issue with the package maintainer(s).
Reason: The resolution for "/home/ed/Documents/LSTS/human-0.com/node_modules/.pnpm/@react-navigation+native@7.1.22_react-native@0.81.5_@babel+core@7.28.5_@types+react@19.1.17_b_ou7ssj3vjcfent7tqte5uhjkhy/node_modules/use-latest-callback" defined in "exports" is /home/ed/Documents/LSTS/human-0.com/node_modules/.pnpm/use-latest-callback@0.2.6_react@19.1.0/node_modules/use-latest-callback/esm.mjs, however this file does not exist. Falling back to file-based resolution.
 WARN  The package /home/ed/Documents/LSTS/human-0.com/node_modules/.pnpm/use-latest-callback@0.2.6_react@19.1.0/node_modules/use-latest-callback contains an invalid package.json configuration. Consider raising this issue with the package maintainer(s).
Reason: The resolution for "/home/ed/Documents/LSTS/human-0.com/node_modules/.pnpm/@react-navigation+core@7.13.3_react@19.1.0/node_modules/use-latest-callback" defined in "exports" is /home/ed/Documents/LSTS/human-0.com/node_modules/.pnpm/use-latest-callback@0.2.6_react@19.1.0/node_modules/use-latest-callback/esm.mjs, however this file does not exist. Falling back to file-based resolution.
 WARN  The package /home/ed/Documents/LSTS/human-0.com/node_modules/.pnpm/use-latest-callback@0.2.6_react@19.1.0/node_modules/use-latest-callback contains an invalid package.json configuration. Consider raising this issue with the package maintainer(s).
Reason: The resolution for "/home/ed/Documents/LSTS/human-0.com/node_modules/.pnpm/@react-navigation+native@7.1.22_react-native@0.81.5_@babel+core@7.28.5_@types+react@19.1.17_b_ou7ssj3vjcfent7tqte5uhjkhy/node_modules/use-latest-callback" defined in "exports" is /home/ed/Documents/LSTS/human-0.com/node_modules/.pnpm/use-latest-callback@0.2.6_react@19.1.0/node_modules/use-latest-callback/esm.mjs, however this file does not exist. Falling back to file-based resolution.
 WARN  The package /home/ed/Documents/LSTS/human-0.com/node_modules/.pnpm/use-latest-callback@0.2.6_react@19.1.0/node_modules/use-latest-callback contains an invalid package.json configuration. Consider raising this issue with the package maintainer(s).
Reason: The resolution for "/home/ed/Documents/LSTS/human-0.com/node_modules/.pnpm/@react-navigation+core@7.13.3_react@19.1.0/node_modules/use-latest-callback" defined in "exports" is /home/ed/Documents/LSTS/human-0.com/node_modules/.pnpm/use-latest-callback@0.2.6_react@19.1.0/node_modules/use-latest-callback/esm.mjs, however this file does not exist. Falling back to file-based resolution.
Web node_modules/.pnpm/expo-router@6.0.15_mdd6eqdmopb2k7mf5aqqgyxzj4/node_modules/expo-router/entry.js ▓▓▓▓▓▓▓▓▓▓▓▓▓░░░ 81.5% (2355/2681)
λ node_modules/.pnpm/expo-router@6.0.15_mdd6eqdmopb2k7mf5aqqgyxzj4/node_modules/expo-router/node/render.js ▓▓▓▓▓░░░░░░░░░░░ 31.9% (269/476)
 WARN  The package /home/ed/Documents/LSTS/human-0.com/node_modules/.pnpm/zustand@5.0.0_@types+react@19.1.17_react@19.1.0_use-sync-external-store@1.4.0_react@19.1.0_/node_modules/zustand contains an invalid package.json configuration. Consider raising this issue with the package maintainer(s).
Reason: The resolution for "/home/ed/Documents/LSTS/human-0.com/node_modules/.pnpm/@wagmi+core@3.0.0_@tanstack+query-core@5.90.11_@types+react@19.1.17_react@19.1.0_typescript@5_g5r4uzbvatas6ylf4w6y3uqw5m/node_modules/zustand/middleware" defined in "exports" is /home/ed/Documents/LSTS/human-0.com/node_modules/.pnpm/zustand@5.0.0_@types+react@19.1.17_react@19.1.0_use-sync-external-store@1.4.0_react@19.1.0_/node_modules/zustand/esm/middleware.mjs, however this file does not exist. Falling back to file-based resolution.
 WARN  The package /home/ed/Documents/LSTS/human-0.com/node_modules/.pnpm/zustand@5.0.0_@types+react@19.1.17_react@19.1.0_use-sync-external-store@1.4.0_react@19.1.0_/node_modules/zustand contains an invalid package.json configuration. Consider raising this issue with the package maintainer(s).
Reason: The resolution for "/home/ed/Documents/LSTS/human-0.com/node_modules/.pnpm/@wagmi+core@3.0.0_@tanstack+query-core@5.90.11_@types+react@19.1.17_react@19.1.0_typescript@5_g5r4uzbvatas6ylf4w6y3uqw5m/node_modules/zustand/vanilla" defined in "exports" is /home/ed/Documents/LSTS/human-0.com/node_modules/.pnpm/zustand@5.0.0_@types+react@19.1.17_react@19.1.0_use-sync-external-store@1.4.0_react@19.1.0_/node_modules/zustand/esm/vanilla.mjs, however this file does not exist. Falling back to file-based resolution.
 WARN  The package /home/ed/Documents/LSTS/human-0.com/node_modules/.pnpm/zustand@5.0.0_@types+react@19.1.17_react@19.1.0_use-sync-external-store@1.6.0_react@19.1.0_/node_modules/zustand contains an invalid package.json configuration. Consider raising this issue with the package maintainer(s).
Reason: The resolution for "/home/ed/Documents/LSTS/human-0.com/node_modules/.pnpm/@wagmi+core@3.0.0_@tanstack+query-core@5.90.11_@types+react@19.1.17_react@19.1.0_typescript@5_llmn6txw4ybopehwmqkebnxhp4/node_modules/zustand/middleware" defined in "exports" is /home/ed/Documents/LSTS/human-0.com/node_modules/.pnpm/zustand@5.0.0_@types+react@19.1.17_react@19.1.0_use-sync-external-store@1.6.0_react@19.1.0_/node_modules/zustand/esm/middleware.mjs, however this file does not exist. Falling back to file-based resolution.
 WARN  The package /home/ed/Documents/LSTS/human-0.com/node_modules/.pnpm/zustand@5.0.0_@types+react@19.1.17_react@19.1.0_use-sync-external-store@1.6.0_react@19.1.0_/node_modules/zustand contains an invalid package.json configuration. Consider raising this issue with the package maintainer(s).
Reason: The resolution for "/home/ed/Documents/LSTS/human-0.com/node_modules/.pnpm/@wagmi+core@3.0.0_@tanstack+query-core@5.90.11_@types+react@19.1.17_react@19.1.0_typescript@5_llmn6txw4ybopehwmqkebnxhp4/node_modules/zustand/vanilla" defined in "exports" is /home/ed/Documents/LSTS/human-0.com/node_modules/.pnpm/zustand@5.0.0_@types+react@19.1.17_react@19.1.0_use-sync-external-store@1.6.0_react@19.1.0_/node_modules/zustand/esm/vanilla.mjs, however this file does not exist. Falling back to file-based resolution.
 WARN  The package /home/ed/Documents/LSTS/human-0.com/node_modules/.pnpm/eventemitter3@5.0.1/node_modules/eventemitter3 contains an invalid package.json configuration. Consider raising this issue with the package maintainer(s).
Reason: The resolution for "/home/ed/Documents/LSTS/human-0.com/node_modules/.pnpm/@wagmi+core@3.0.0_@tanstack+query-core@5.90.11_@types+react@19.1.17_react@19.1.0_typescript@5_g5r4uzbvatas6ylf4w6y3uqw5m/node_modules/eventemitter3" defined in "exports" is /home/ed/Documents/LSTS/human-0.com/node_modules/.pnpm/eventemitter3@5.0.1/node_modules/eventemitter3/index.mjs, however this file does not exist. Falling back to file-based resolution.
 WARN  The package /home/ed/Documents/LSTS/human-0.com/node_modules/.pnpm/eventemitter3@5.0.1/node_modules/eventemitter3 contains an invalid package.json configuration. Consider raising this issue with the package maintainer(s).
Reason: The resolution for "/home/ed/Documents/LSTS/human-0.com/node_modules/.pnpm/@wagmi+core@3.0.0_@tanstack+query-core@5.90.11_@types+react@19.1.17_react@19.1.0_typescript@5_llmn6txw4ybopehwmqkebnxhp4/node_modules/eventemitter3" defined in "exports" is /home/ed/Documents/LSTS/human-0.com/node_modules/.pnpm/eventemitter3@5.0.1/node_modules/eventemitter3/index.mjs, however this file does not exist. Falling back to file-based resolution.
 WARN  The package /home/ed/Documents/LSTS/human-0.com/node_modules/.pnpm/use-latest-callback@0.2.6_react@19.1.0/node_modules/use-latest-callback contains an invalid package.json configuration. Consider raising this issue with the package maintainer(s).
Reason: The resolution for "/home/ed/Documents/LSTS/human-0.com/node_modules/.pnpm/@react-navigation+elements@2.8.4_@react-navigation+native@7.1.22_react-native@0.81.5_@babel+c_hoawmwjy2fonxlspe6qwjtckuu/node_modules/use-latest-callback" defined in "exports" is /home/ed/Documents/LSTS/human-0.com/node_modules/.pnpm/use-latest-callback@0.2.6_react@19.1.0/node_modules/use-latest-callback/esm.mjs, however this file does not exist. Falling back to file-based resolution.
 WARN  Attempted to import the module "/home/ed/Documents/LSTS/human-0.com/node_modules/.pnpm/@noble+hashes@1.8.0/node_modules/@noble/hashes/crypto.js" which is not listed in the "exports" of "/home/ed/Documents/LSTS/human-0.com/node_modules/.pnpm/@noble+hashes@1.8.0/node_modules/@noble/hashes" under the requested subpath "./crypto.js". Falling back to file-based resolution. Consider updating the call site or asking the package maintainer(s) to expose this API.
 WARN  The package /home/ed/Documents/LSTS/human-0.com/node_modules/.pnpm/use-latest-callback@0.2.6_react@19.1.0/node_modules/use-latest-callback contains an invalid package.json configuration. Consider raising this issue with the package maintainer(s).
Reason: The resolution for "/home/ed/Documents/LSTS/human-0.com/node_modules/.pnpm/@react-navigation+elements@2.8.4_@react-navigation+native@7.1.22_react-native@0.81.5_@babel+c_hoawmwjy2fonxlspe6qwjtckuu/node_modules/use-latest-callback" defined in "exports" is /home/ed/Documents/LSTS/human-0.com/node_modules/.pnpm/use-latest-callback@0.2.6_react@19.1.0/node_modules/use-latest-callback/esm.mjs, however this file does not exist. Falling back to file-based resolution.
Web Bundled 5951ms node_modules/.pnpm/expo-router@6.0.15_mdd6eqdmopb2k7mf5aqqgyxzj4/node_modules/expo-router/entry.js (4143 modules)
λ Bundled 5986ms node_modules/.pnpm/expo-router@6.0.15_mdd6eqdmopb2k7mf5aqqgyxzj4/node_modules/expo-router/node/render.js (2734 modules)
λ apps/web/app/api/terms+api.ts ░░░░░░░░░░░░░░░░  0.0% (0/1)
λ Bundled 1284ms apps/web/app/api/terms+api.ts (1 module)
λ Bundled 1378ms apps/web/app/api/privacy+api.ts (1 module)
λ Bundled 970ms apps/web/app/api/auth/google+api.ts (1 module)
λ apps/web/app/api/auth/google+api.ts ░░░░░░░░░░░░░░░░  0.0% (0/1)
λ Bundled 996ms apps/web/app/api/human-stats+api.ts (1 module)
λ Bundled 961ms apps/web/app/api/auth/magic-link+api.ts (1 module)
λ Bundled 842ms apps/web/app/api/auth/verify-otp+api.ts (1 module)
λ apps/web/app/api/auth/google/callback+api.ts ░░░░░░░░░░░░░░░░  0.0% (0/1)
λ Bundled 937ms apps/web/app/api/auth/google/callback+api.ts (1 module)

› web bundles (9):
_expo/static/css/web-9e93415363f450afd86eb4109ef32dc3.css (45 kB)
_expo/static/js/web/__common-fe41284db050a5a51c1e48d15cadfd17.js (797 kB)
_expo/static/js/web/__expo-metro-runtime-46ac14f77b8d07852b02d57eb3e5b645.js (3.8 kB)
_expo/static/js/web/AuthModal-a1eeaa1307d57b3cec1f3d1f265555c5.js (13.8 kB)
_expo/static/js/web/entry-cc474fe7c46a46784ec076618f062c8f.js (3.94 MB)
_expo/static/js/web/index-e1ad31512dcfb3f5685958db22c7dfe6.js (14.4 kB)
_expo/static/js/web/native-fdeae4a7738262f83eac39a52c261c03.js (547 B)
_expo/static/js/web/useAuth-caafa63c48545687789ffdf4fab8540c.js (1.81 kB)
_expo/static/js/web/wagmi-config-29e614573be530178699660b9b881bb3.js (508 kB)

› Static routes (16):
/nfts (30.1 kB)
/ (index) (22.6 kB)
/terms (27.9 kB)
/canvas (56.7 kB)
/impact (32.2 kB)
/privacy (27.9 kB)
/profile (32.3 kB)
/identity (33.3 kB)
/_sitemap (19.4 kB)
/+not-found (19.4 kB)
/pdf-download (40.7 kB)
/documentation (23.1 kB)
/dashboard (23.4 kB)
/dashboard/identity (23.4 kB)
/documentation/terms (22.8 kB)
/documentation/privacy (22.8 kB)

› API routes (7):
/api/terms (5.87 kB) (source map (7.69 kB))
/api/privacy (5.9 kB) (source map (7.69 kB))
/api/auth/google (4.64 kB) (source map (6.66 kB))
/api/human-stats (5.31 kB) (source map (7.25 kB))
/api/auth/magic-link (4.94 kB) (source map (7.29 kB))
/api/auth/verify-otp (5.05 kB) (source map (7.34 kB))
/api/auth/google/callback (5.39 kB) (source map (7.74 kB))

Exported: dist
