
> @human-0/web@1.8.5 build
> expo export -p web

env: load .env
Could not resolve @noble/hashes alias: Package subpath './lib/crypto.js' is not defined by "exports" in /home/ed/Documents/LSTS/human-0.com/node_modules/.pnpm/node_modules/@noble/hashes/package.json
env: export WALLETCONNECT_PROJECT_ID
Starting Metro Bundler
Static rendering is enabled. Learn more: https://docs.expo.dev/router/reference/static-rendering/
Web node_modules/.pnpm/expo-router@6.0.15_mdd6eqdmopb2k7mf5aqqgyxzj4/node_modules/expo-router/entry.js ░░░░░░░░░░░░░░░░  0.0% (0/1)
λ node_modules/.pnpm/expo-router@6.0.15_mdd6eqdmopb2k7mf5aqqgyxzj4/node_modules/expo-router/node/render.js ░░░░░░░░░░░░░░░░  0.0% (0/1)
Web node_modules/.pnpm/expo-router@6.0.15_mdd6eqdmopb2k7mf5aqqgyxzj4/node_modules/expo-router/entry.js ▓▓░░░░░░░░░░░░░░ 16.0% (4/7)
λ node_modules/.pnpm/expo-router@6.0.15_mdd6eqdmopb2k7mf5aqqgyxzj4/node_modules/expo-router/node/render.js ▓▓░░░░░░░░░░░░░░ 18.1% ( 63/225)
 WARN  The package /home/ed/Documents/LSTS/human-0.com/node_modules/.pnpm/use-latest-callback@0.2.6_react@19.1.0/node_modules/use-latest-callback contains an invalid package.json configuration. Consider raising this issue with the package maintainer(s).
Reason: The resolution for "/home/ed/Documents/LSTS/human-0.com/node_modules/.pnpm/@react-navigation+native@7.1.22_react-native@0.81.5_@babel+core@7.28.5_@types+react@19.1.17_b_ou7ssj3vjcfent7tqte5uhjkhy/node_modules/use-latest-callback" defined in "exports" is /home/ed/Documents/LSTS/human-0.com/node_modules/.pnpm/use-latest-callback@0.2.6_react@19.1.0/node_modules/use-latest-callback/esm.mjs, however this file does not exist. Falling back to file-based resolution.
Web node_modules/.pnpm/expo-router@6.0.15_mdd6eqdmopb2k7mf5aqqgyxzj4/node_modules/expo-router/entry.js ▓▓▓▓▓░░░░░░░░░░░ 36.0% ( 31/153)
λ node_modules/.pnpm/expo-router@6.0.15_mdd6eqdmopb2k7mf5aqqgyxzj4/node_modules/expo-router/node/render.js ▓▓▓▓░░░░░░░░░░░░ 28.0% (238/461)
 WARN  The package /home/ed/Documents/LSTS/human-0.com/node_modules/.pnpm/use-latest-callback@0.2.6_react@19.1.0/node_modules/use-latest-callback contains an invalid package.json configuration. Consider raising this issue with the package maintainer(s).
Reason: The resolution for "/home/ed/Documents/LSTS/human-0.com/node_modules/.pnpm/@react-navigation+core@7.13.3_react@19.1.0/node_modules/use-latest-callback" defined in "exports" is /home/ed/Documents/LSTS/human-0.com/node_modules/.pnpm/use-latest-callback@0.2.6_react@19.1.0/node_modules/use-latest-callback/esm.mjs, however this file does not exist. Falling back to file-based resolution.
Web node_modules/.pnpm/expo-router@6.0.15_mdd6eqdmopb2k7mf5aqqgyxzj4/node_modules/expo-router/entry.js ▓▓▓▓▓░░░░░░░░░░░ 36.0% (115/270)
λ node_modules/.pnpm/expo-router@6.0.15_mdd6eqdmopb2k7mf5aqqgyxzj4/node_modules/expo-router/node/render.js ▓▓▓▓▓▓▓░░░░░░░░░ 48.4% ( 443/2224)
 WARN  The package /home/ed/Documents/LSTS/human-0.com/node_modules/.pnpm/use-latest-callback@0.2.6_react@19.1.0/node_modules/use-latest-callback contains an invalid package.json configuration. Consider raising this issue with the package maintainer(s).
Reason: The resolution for "/home/ed/Documents/LSTS/human-0.com/node_modules/.pnpm/@react-navigation+native@7.1.22_react-native@0.81.5_@babel+core@7.28.5_@types+react@19.1.17_b_ou7ssj3vjcfent7tqte5uhjkhy/node_modules/use-latest-callback" defined in "exports" is /home/ed/Documents/LSTS/human-0.com/node_modules/.pnpm/use-latest-callback@0.2.6_react@19.1.0/node_modules/use-latest-callback/esm.mjs, however this file does not exist. Falling back to file-based resolution.
Web node_modules/.pnpm/expo-router@6.0.15_mdd6eqdmopb2k7mf5aqqgyxzj4/node_modules/expo-router/entry.js ▓▓▓▓▓▓░░░░░░░░░░ 38.3% (250/404)
λ node_modules/.pnpm/expo-router@6.0.15_mdd6eqdmopb2k7mf5aqqgyxzj4/node_modules/expo-router/node/render.js ▓▓▓▓▓▓▓░░░░░░░░░ 48.4% ( 878/2314)
 WARN  The package /home/ed/Documents/LSTS/human-0.com/node_modules/.pnpm/use-latest-callback@0.2.6_react@19.1.0/node_modules/use-latest-callback contains an invalid package.json configuration. Consider raising this issue with the package maintainer(s).
Reason: The resolution for "/home/ed/Documents/LSTS/human-0.com/node_modules/.pnpm/@react-navigation+core@7.13.3_react@19.1.0/node_modules/use-latest-callback" defined in "exports" is /home/ed/Documents/LSTS/human-0.com/node_modules/.pnpm/use-latest-callback@0.2.6_react@19.1.0/node_modules/use-latest-callback/esm.mjs, however this file does not exist. Falling back to file-based resolution.
Web node_modules/.pnpm/expo-router@6.0.15_mdd6eqdmopb2k7mf5aqqgyxzj4/node_modules/expo-router/entry.js ▓▓▓▓▓▓░░░░░░░░░░ 39.6% (289/459)
λ node_modules/.pnpm/expo-router@6.0.15_mdd6eqdmopb2k7mf5aqqgyxzj4/node_modules/expo-router/node/render.js ▓▓▓▓▓▓▓▓▓▓▓▓▓▓░░ 88.4% (2228/2375)
Web node_modules/.pnpm/expo-router@6.0.15_mdd6eqdmopb2k7mf5aqqgyxzj4/node_modules/expo-router/entry.js ▓▓▓▓▓▓▓░░░░░░░░░ 50.0% (417/590)
λ node_modules/.pnpm/expo-router@6.0.15_mdd6eqdmopb2k7mf5aqqgyxzj4/node_modules/expo-router/node/render.js ▓▓▓▓▓▓▓▓▓▓▓▓▓▓░░ 93.1% (2370/2456)
Web node_modules/.pnpm/expo-router@6.0.15_mdd6eqdmopb2k7mf5aqqgyxzj4/node_modules/expo-router/entry.js ▓▓▓▓▓▓▓▓▓▓░░░░░░ 64.2% (754/987)
λ node_modules/.pnpm/expo-router@6.0.15_mdd6eqdmopb2k7mf5aqqgyxzj4/node_modules/expo-router/node/render.js ▓▓▓▓▓▓▓▓▓▓▓▓▓▓▓░ 96.4% (2467/2554)
 WARN  The package /home/ed/Documents/LSTS/human-0.com/node_modules/.pnpm/use-latest-callback@0.2.6_react@19.1.0/node_modules/use-latest-callback contains an invalid package.json configuration. Consider raising this issue with the package maintainer(s).
Reason: The resolution for "/home/ed/Documents/LSTS/human-0.com/node_modules/.pnpm/@react-navigation+elements@2.8.4_@react-navigation+native@7.1.22_react-native@0.81.5_@babel+c_hoawmwjy2fonxlspe6qwjtckuu/node_modules/use-latest-callback" defined in "exports" is /home/ed/Documents/LSTS/human-0.com/node_modules/.pnpm/use-latest-callback@0.2.6_react@19.1.0/node_modules/use-latest-callback/esm.mjs, however this file does not exist. Falling back to file-based resolution.
 WARN  The package /home/ed/Documents/LSTS/human-0.com/node_modules/.pnpm/zustand@5.0.0_@types+react@19.1.17_react@19.1.0_use-sync-external-store@1.4.0_react@19.1.0_/node_modules/zustand contains an invalid package.json configuration. Consider raising this issue with the package maintainer(s).
Reason: The resolution for "/home/ed/Documents/LSTS/human-0.com/node_modules/.pnpm/@wagmi+core@3.0.0_@tanstack+query-core@5.90.11_@types+react@19.1.17_react@19.1.0_typescript@5_g5r4uzbvatas6ylf4w6y3uqw5m/node_modules/zustand/middleware" defined in "exports" is /home/ed/Documents/LSTS/human-0.com/node_modules/.pnpm/zustand@5.0.0_@types+react@19.1.17_react@19.1.0_use-sync-external-store@1.4.0_react@19.1.0_/node_modules/zustand/esm/middleware.mjs, however this file does not exist. Falling back to file-based resolution.
 WARN  The package /home/ed/Documents/LSTS/human-0.com/node_modules/.pnpm/zustand@5.0.0_@types+react@19.1.17_react@19.1.0_use-sync-external-store@1.4.0_react@19.1.0_/node_modules/zustand contains an invalid package.json configuration. Consider raising this issue with the package maintainer(s).
Reason: The resolution for "/home/ed/Documents/LSTS/human-0.com/node_modules/.pnpm/@wagmi+core@3.0.0_@tanstack+query-core@5.90.11_@types+react@19.1.17_react@19.1.0_typescript@5_g5r4uzbvatas6ylf4w6y3uqw5m/node_modules/zustand/vanilla" defined in "exports" is /home/ed/Documents/LSTS/human-0.com/node_modules/.pnpm/zustand@5.0.0_@types+react@19.1.17_react@19.1.0_use-sync-external-store@1.4.0_react@19.1.0_/node_modules/zustand/esm/vanilla.mjs, however this file does not exist. Falling back to file-based resolution.
 WARN  The package /home/ed/Documents/LSTS/human-0.com/node_modules/.pnpm/eventemitter3@5.0.1/node_modules/eventemitter3 contains an invalid package.json configuration. Consider raising this issue with the package maintainer(s).
Reason: The resolution for "/home/ed/Documents/LSTS/human-0.com/node_modules/.pnpm/@wagmi+core@3.0.0_@tanstack+query-core@5.90.11_@types+react@19.1.17_react@19.1.0_typescript@5_g5r4uzbvatas6ylf4w6y3uqw5m/node_modules/eventemitter3" defined in "exports" is /home/ed/Documents/LSTS/human-0.com/node_modules/.pnpm/eventemitter3@5.0.1/node_modules/eventemitter3/index.mjs, however this file does not exist. Falling back to file-based resolution.
Web node_modules/.pnpm/expo-router@6.0.15_mdd6eqdmopb2k7mf5aqqgyxzj4/node_modules/expo-router/entry.js ▓▓▓▓▓▓▓▓▓▓░░░░░░ 66.5% (1201/3013)
λ node_modules/.pnpm/expo-router@6.0.15_mdd6eqdmopb2k7mf5aqqgyxzj4/node_modules/expo-router/node/render.js ▓▓▓▓▓▓▓▓▓▓▓▓▓▓▓░ 96.4% (2583/2634)
Web node_modules/.pnpm/expo-router@6.0.15_mdd6eqdmopb2k7mf5aqqgyxzj4/node_modules/expo-router/entry.js ▓▓▓▓▓▓▓▓▓▓▓▓░░░░ 78.1% (2690/3043)
λ node_modules/.pnpm/expo-router@6.0.15_mdd6eqdmopb2k7mf5aqqgyxzj4/node_modules/expo-router/node/render.js ▓▓▓▓▓▓▓▓▓▓▓▓▓▓▓░ 96.4% (2604/2661)
 WARN  The package /home/ed/Documents/LSTS/human-0.com/node_modules/.pnpm/zustand@5.0.0_@types+react@19.1.17_react@19.1.0_use-sync-external-store@1.6.0_react@19.1.0_/node_modules/zustand contains an invalid package.json configuration. Consider raising this issue with the package maintainer(s).
Reason: The resolution for "/home/ed/Documents/LSTS/human-0.com/node_modules/.pnpm/@wagmi+core@3.0.0_@tanstack+query-core@5.90.11_@types+react@19.1.17_react@19.1.0_typescript@5_llmn6txw4ybopehwmqkebnxhp4/node_modules/zustand/middleware" defined in "exports" is /home/ed/Documents/LSTS/human-0.com/node_modules/.pnpm/zustand@5.0.0_@types+react@19.1.17_react@19.1.0_use-sync-external-store@1.6.0_react@19.1.0_/node_modules/zustand/esm/middleware.mjs, however this file does not exist. Falling back to file-based resolution.
 WARN  The package /home/ed/Documents/LSTS/human-0.com/node_modules/.pnpm/zustand@5.0.0_@types+react@19.1.17_react@19.1.0_use-sync-external-store@1.6.0_react@19.1.0_/node_modules/zustand contains an invalid package.json configuration. Consider raising this issue with the package maintainer(s).
Reason: The resolution for "/home/ed/Documents/LSTS/human-0.com/node_modules/.pnpm/@wagmi+core@3.0.0_@tanstack+query-core@5.90.11_@types+react@19.1.17_react@19.1.0_typescript@5_llmn6txw4ybopehwmqkebnxhp4/node_modules/zustand/vanilla" defined in "exports" is /home/ed/Documents/LSTS/human-0.com/node_modules/.pnpm/zustand@5.0.0_@types+react@19.1.17_react@19.1.0_use-sync-external-store@1.6.0_react@19.1.0_/node_modules/zustand/esm/vanilla.mjs, however this file does not exist. Falling back to file-based resolution.
 WARN  Attempted to import the module "/home/ed/Documents/LSTS/human-0.com/node_modules/.pnpm/@noble+hashes@1.8.0/node_modules/@noble/hashes/crypto.js" which is not listed in the "exports" of "/home/ed/Documents/LSTS/human-0.com/node_modules/.pnpm/@noble+hashes@1.8.0/node_modules/@noble/hashes" under the requested subpath "./crypto.js". Falling back to file-based resolution. Consider updating the call site or asking the package maintainer(s) to expose this API.
 WARN  The package /home/ed/Documents/LSTS/human-0.com/node_modules/.pnpm/use-latest-callback@0.2.6_react@19.1.0/node_modules/use-latest-callback contains an invalid package.json configuration. Consider raising this issue with the package maintainer(s).
Reason: The resolution for "/home/ed/Documents/LSTS/human-0.com/node_modules/.pnpm/@react-navigation+elements@2.8.4_@react-navigation+native@7.1.22_react-native@0.81.5_@babel+c_hoawmwjy2fonxlspe6qwjtckuu/node_modules/use-latest-callback" defined in "exports" is /home/ed/Documents/LSTS/human-0.com/node_modules/.pnpm/use-latest-callback@0.2.6_react@19.1.0/node_modules/use-latest-callback/esm.mjs, however this file does not exist. Falling back to file-based resolution.
 WARN  The package /home/ed/Documents/LSTS/human-0.com/node_modules/.pnpm/eventemitter3@5.0.1/node_modules/eventemitter3 contains an invalid package.json configuration. Consider raising this issue with the package maintainer(s).
Reason: The resolution for "/home/ed/Documents/LSTS/human-0.com/node_modules/.pnpm/@wagmi+core@3.0.0_@tanstack+query-core@5.90.11_@types+react@19.1.17_react@19.1.0_typescript@5_llmn6txw4ybopehwmqkebnxhp4/node_modules/eventemitter3" defined in "exports" is /home/ed/Documents/LSTS/human-0.com/node_modules/.pnpm/eventemitter3@5.0.1/node_modules/eventemitter3/index.mjs, however this file does not exist. Falling back to file-based resolution.
Web node_modules/.pnpm/expo-router@6.0.15_mdd6eqdmopb2k7mf5aqqgyxzj4/node_modules/expo-router/entry.js ▓▓▓▓▓▓▓▓▓▓▓▓▓▓▓░ 95.4% (3286/3716)
λ node_modules/.pnpm/expo-router@6.0.15_mdd6eqdmopb2k7mf5aqqgyxzj4/node_modules/expo-router/node/render.js ▓▓▓▓▓▓▓▓▓▓▓▓▓▓▓░ 98.8% (2708/2724)
λ Bundled 37155ms node_modules/.pnpm/expo-router@6.0.15_mdd6eqdmopb2k7mf5aqqgyxzj4/node_modules/expo-router/node/render.js (2735 modules)
Web Bundled 38408ms node_modules/.pnpm/expo-router@6.0.15_mdd6eqdmopb2k7mf5aqqgyxzj4/node_modules/expo-router/entry.js (4162 modules)
λ apps/web/app/api/terms+api.ts ░░░░░░░░░░░░░░░░  0.0% (0/1)
λ Bundled 797ms apps/web/app/api/terms+api.ts (1 module)
λ Bundled 834ms apps/web/app/api/privacy+api.ts (1 module)
λ Bundled 808ms apps/web/app/api/auth/google+api.ts (1 module)
λ Bundled 792ms apps/web/app/api/human-stats+api.ts (1 module)
λ apps/web/app/api/auth/magic-link+api.ts ░░░░░░░░░░░░░░░░  0.0% (0/1)
λ Bundled 778ms apps/web/app/api/auth/magic-link+api.ts (1 module)
λ Bundled 808ms apps/web/app/api/auth/verify-otp+api.ts (1 module)
λ Bundled 783ms apps/web/app/api/auth/google/callback+api.ts (1 module)

› web bundles (9):
_expo/static/css/web-bb6a7dffa5072b515be04b0ec2d93ae6.css (44.9 kB)
_expo/static/js/web/__common-6dc31bfd8ce891743a598bfa56ed89ac.js (797 kB)
_expo/static/js/web/__expo-metro-runtime-46ac14f77b8d07852b02d57eb3e5b645.js (3.8 kB)
_expo/static/js/web/AuthModal-c2891c5f6d77185373241beaf27c2693.js (13.8 kB)
_expo/static/js/web/entry-487fd9c792974420c24ec55935bb7a14.js (3.94 MB)
_expo/static/js/web/index-a7e3754e4a9e334c7d9d385ea470e3e7.js (14.4 kB)
_expo/static/js/web/native-1ee84122209498a4f86c50fd8e72f0ca.js (547 B)
_expo/static/js/web/useAuth-ee11fb250dce47adb8a9def47f69548b.js (1.81 kB)
_expo/static/js/web/wagmi-config-87c9b89d8c8ad49b6a26507d0510b46b.js (508 kB)

› Static routes (16):
/nfts (30.1 kB)
/ (index) (22.6 kB)
/terms (27.9 kB)
/canvas (56.7 kB)
/impact (32.2 kB)
/privacy (27.9 kB)
/profile (32.3 kB)
/identity (33.2 kB)
/_sitemap (19.4 kB)
/+not-found (19.4 kB)
/pdf-download (40.7 kB)
/documentation (23.1 kB)
/dashboard (23.4 kB)
/dashboard/identity (23.4 kB)
/documentation/terms (22.8 kB)
/documentation/privacy (22.8 kB)

› API routes (7):
/api/terms (5.87 kB) (source map (7.69 kB))
/api/privacy (5.9 kB) (source map (7.69 kB))
/api/auth/google (4.64 kB) (source map (6.66 kB))
/api/human-stats (5.31 kB) (source map (7.25 kB))
/api/auth/magic-link (4.94 kB) (source map (7.29 kB))
/api/auth/verify-otp (5.05 kB) (source map (7.34 kB))
/api/auth/google/callback (5.39 kB) (source map (7.74 kB))

Exported: dist
