

> @human-0/web@1.8.5 build /home/ed/Documents/LSTS/human-0.com/apps/web
> expo export -p web

[90menv: load .env[39m
Could not resolve @noble/hashes alias: Package subpath './lib/crypto.js' is not defined by "exports" in /home/ed/Documents/LSTS/human-0.com/node_modules/.pnpm/node_modules/@noble/hashes/package.json
[90menv: export WALLETCONNECT_PROJECT_ID[39m
[2mStarting Metro Bundler[22m
Static rendering is enabled. [2mLearn more: [4mhttps://docs.expo.dev/router/reference/static-rendering/[24m[22m
[1mWeb[22m [0m[2mnode_modules/.pnpm/expo-router@6.0.15_2wnowwueexp2loci2d7sbl73wm/node_modules/expo-router/[22m[0m[1mentry.js[22m [47m[37m░░░░░░░░░░░░░░░░[39m[49m[1m  0.0% [22m[2m(0/1)[22m
[1mλ[22m [0m[2mnode_modules/.pnpm/expo-router@6.0.15_2wnowwueexp2loci2d7sbl73wm/node_modules/expo-router/node/[22m[0m[1mrender.js[22m [47m[37m░░░░░░░░░░░░░░░░[39m[49m[1m  0.0% [22m[2m(0/1)[22m
[253D[2A[0J[1mWeb[22m [0m[2mnode_modules/.pnpm/expo-router@6.0.15_2wnowwueexp2loci2d7sbl73wm/node_modules/expo-router/[22m[0m[1mentry.js[22m [47m[37m░░░░░░░░░░░░░░░░[39m[49m[1m  2.4% [22m[2m( 16/104)[22m
[1mλ[22m [0m[2mnode_modules/.pnpm/expo-router@6.0.15_2wnowwueexp2loci2d7sbl73wm/node_modules/expo-router/node/[22m[0m[1mrender.js[22m [47m[37m░░░░░░░░░░░░░░░░[39m[49m[1m  0.0% [22m[2m(0/1)[22m
[253D[2A[0J[1mWeb[22m [0m[2mnode_modules/.pnpm/expo-router@6.0.15_2wnowwueexp2loci2d7sbl73wm/node_modules/expo-router/[22m[0m[1mentry.js[22m [32m[42m▓▓[49m[39m[47m[37m░░░░░░░░░░░░░░[39m[49m[1m 12.8% [22m[2m( 87/243)[22m
[1mλ[22m [0m[2mnode_modules/.pnpm/expo-router@6.0.15_2wnowwueexp2loci2d7sbl73wm/node_modules/expo-router/node/[22m[0m[1mrender.js[22m [47m[37m░░░░░░░░░░░░░░░░[39m[49m[1m  0.0% [22m[2m(0/1)[22m
[253D[2A[0J[33m[7m[1m WARN [22m[27m[39m The package /home/ed/Documents/LSTS/human-0.com/node_modules/.pnpm/use-latest-callback@0.2.6_react@19.1.0/node_modules/use-latest-callback contains an invalid package.json configuration. Consider raising this issue with the package maintainer(s).
Reason: The resolution for "/home/ed/Documents/LSTS/human-0.com/node_modules/.pnpm/@react-navigation+native@7.1.22_react-native@0.81.5_@babel+core@7.28.5_@types+react@19.1.17_b_ou7ssj3vjcfent7tqte5uhjkhy/node_modules/use-latest-callback" defined in "exports" is /home/ed/Documents/LSTS/human-0.com/node_modules/.pnpm/use-latest-callback@0.2.6_react@19.1.0/node_modules/use-latest-callback/esm.mjs, however this file does not exist. Falling back to file-based resolution.
[1mWeb[22m [0m[2mnode_modules/.pnpm/expo-router@6.0.15_2wnowwueexp2loci2d7sbl73wm/node_modules/expo-router/[22m[0m[1mentry.js[22m [32m[42m▓▓[49m[39m[47m[37m░░░░░░░░░░░░░░[39m[49m[1m 12.8% [22m[2m( 87/243)[22m
[1mλ[22m [0m[2mnode_modules/.pnpm/expo-router@6.0.15_2wnowwueexp2loci2d7sbl73wm/node_modules/expo-router/node/[22m[0m[1mrender.js[22m [47m[37m░░░░░░░░░░░░░░░░[39m[49m[1m  0.0% [22m[2m(0/1)[22m
[253D[2A[0J[1mWeb[22m [0m[2mnode_modules/.pnpm/expo-router@6.0.15_2wnowwueexp2loci2d7sbl73wm/node_modules/expo-router/[22m[0m[1mentry.js[22m [32m[42m▓▓▓▓▓[49m[39m[47m[37m░░░░░░░░░░░[39m[49m[1m 34.8% [22m[2m(229/388)[22m
[1mλ[22m [0m[2mnode_modules/.pnpm/expo-router@6.0.15_2wnowwueexp2loci2d7sbl73wm/node_modules/expo-router/node/[22m[0m[1mrender.js[22m [47m[37m░░░░░░░░░░░░░░░░[39m[49m[1m  0.0% [22m[2m(0/1)[22m
[253D[2A[0J[33m[7m[1m WARN [22m[27m[39m The package /home/ed/Documents/LSTS/human-0.com/node_modules/.pnpm/use-latest-callback@0.2.6_react@19.1.0/node_modules/use-latest-callback contains an invalid package.json configuration. Consider raising this issue with the package maintainer(s).
Reason: The resolution for "/home/ed/Documents/LSTS/human-0.com/node_modules/.pnpm/@react-navigation+core@7.13.3_react@19.1.0/node_modules/use-latest-callback" defined in "exports" is /home/ed/Documents/LSTS/human-0.com/node_modules/.pnpm/use-latest-callback@0.2.6_react@19.1.0/node_modules/use-latest-callback/esm.mjs, however this file does not exist. Falling back to file-based resolution.
[1mWeb[22m [0m[2mnode_modules/.pnpm/expo-router@6.0.15_2wnowwueexp2loci2d7sbl73wm/node_modules/expo-router/[22m[0m[1mentry.js[22m [32m[42m▓▓▓▓▓[49m[39m[47m[37m░░░░░░░░░░░[39m[49m[1m 34.8% [22m[2m(229/388)[22m
[1mλ[22m [0m[2mnode_modules/.pnpm/expo-router@6.0.15_2wnowwueexp2loci2d7sbl73wm/node_modules/expo-router/node/[22m[0m[1mrender.js[22m [47m[37m░░░░░░░░░░░░░░░░[39m[49m[1m  0.0% [22m[2m(0/1)[22m
[253D[2A[0J[1mWeb[22m [0m[2mnode_modules/.pnpm/expo-router@6.0.15_2wnowwueexp2loci2d7sbl73wm/node_modules/expo-router/[22m[0m[1mentry.js[22m [32m[42m▓▓▓▓▓▓[49m[39m[47m[37m░░░░░░░░░░[39m[49m[1m 42.4% [22m[2m(329/505)[22m
[1mλ[22m [0m[2mnode_modules/.pnpm/expo-router@6.0.15_2wnowwueexp2loci2d7sbl73wm/node_modules/expo-router/node/[22m[0m[1mrender.js[22m [47m[37m░░░░░░░░░░░░░░░░[39m[49m[1m  0.0% [22m[2m(0/1)[22m
[253D[2A[0J[1mWeb[22m [0m[2mnode_modules/.pnpm/expo-router@6.0.15_2wnowwueexp2loci2d7sbl73wm/node_modules/expo-router/[22m[0m[1mentry.js[22m [32m[42m▓▓▓▓▓▓▓[49m[39m[47m[37m░░░░░░░░░[39m[49m[1m 45.8% [22m[2m(429/634)[22m
[1mλ[22m [0m[2mnode_modules/.pnpm/expo-router@6.0.15_2wnowwueexp2loci2d7sbl73wm/node_modules/expo-router/node/[22m[0m[1mrender.js[22m [47m[37m░░░░░░░░░░░░░░░░[39m[49m[1m  0.0% [22m[2m(0/1)[22m
[253D[2A[0J[1mWeb[22m [0m[2mnode_modules/.pnpm/expo-router@6.0.15_2wnowwueexp2loci2d7sbl73wm/node_modules/expo-router/[22m[0m[1mentry.js[22m [32m[42m▓▓▓▓▓▓▓[49m[39m[47m[37m░░░░░░░░░[39m[49m[1m 49.1% [22m[2m(450/642)[22m
[1mλ[22m [0m[2mnode_modules/.pnpm/expo-router@6.0.15_2wnowwueexp2loci2d7sbl73wm/node_modules/expo-router/node/[22m[0m[1mrender.js[22m [47m[37m░░░░░░░░░░░░░░░░[39m[49m[1m  0.0% [22m[2m(0/1)[22m
[253D[2A[0J[1mWeb[22m [0m[2mnode_modules/.pnpm/expo-router@6.0.15_2wnowwueexp2loci2d7sbl73wm/node_modules/expo-router/[22m[0m[1mentry.js[22m [32m[42m▓▓▓▓▓▓▓[49m[39m[47m[37m░░░░░░░░░[39m[49m[1m 49.1% [22m[2m( 450/2201)[22m
[1mλ[22m [0m[2mnode_modules/.pnpm/expo-router@6.0.15_2wnowwueexp2loci2d7sbl73wm/node_modules/expo-router/node/[22m[0m[1mrender.js[22m [47m[37m░░░░░░░░░░░░░░░░[39m[49m[1m  0.0% [22m[2m(0/1)[22m
[253D[2A[0J[1mWeb[22m [0m[2mnode_modules/.pnpm/expo-router@6.0.15_2wnowwueexp2loci2d7sbl73wm/node_modules/expo-router/[22m[0m[1mentry.js[22m [32m[42m▓▓▓▓▓▓▓[49m[39m[47m[37m░░░░░░░░░[39m[49m[1m 49.1% [22m[2m( 451/2201)[22m
[1mλ[22m [0m[2mnode_modules/.pnpm/expo-router@6.0.15_2wnowwueexp2loci2d7sbl73wm/node_modules/expo-router/node/[22m[0m[1mrender.js[22m [47m[37m░░░░░░░░░░░░░░░░[39m[49m[1m  0.0% [22m[2m(0/1)[22m
[253D[2A[0J[33m[7m[1m WARN [22m[27m[39m The package /home/ed/Documents/LSTS/human-0.com/node_modules/.pnpm/use-latest-callback@0.2.6_react@19.1.0/node_modules/use-latest-callback contains an invalid package.json configuration. Consider raising this issue with the package maintainer(s).
Reason: The resolution for "/home/ed/Documents/LSTS/human-0.com/node_modules/.pnpm/@react-navigation+native@7.0.0-rc.21_react-native@0.81.5_@babel+core@7.28.5_@types+react@19.1_lub5bgxoca3p7if54urnjdyvwu/node_modules/use-latest-callback" defined in "exports" is /home/ed/Documents/LSTS/human-0.com/node_modules/.pnpm/use-latest-callback@0.2.6_react@19.1.0/node_modules/use-latest-callback/esm.mjs, however this file does not exist. Falling back to file-based resolution.
[1mWeb[22m [0m[2mnode_modules/.pnpm/expo-router@6.0.15_2wnowwueexp2loci2d7sbl73wm/node_modules/expo-router/[22m[0m[1mentry.js[22m [32m[42m▓▓▓▓▓▓▓[49m[39m[47m[37m░░░░░░░░░[39m[49m[1m 49.1% [22m[2m( 451/2201)[22m
[1mλ[22m [0m[2mnode_modules/.pnpm/expo-router@6.0.15_2wnowwueexp2loci2d7sbl73wm/node_modules/expo-router/node/[22m[0m[1mrender.js[22m [47m[37m░░░░░░░░░░░░░░░░[39m[49m[1m  0.0% [22m[2m(0/1)[22m
[253D[2A[0J[1mWeb[22m [0m[2mnode_modules/.pnpm/expo-router@6.0.15_2wnowwueexp2loci2d7sbl73wm/node_modules/expo-router/[22m[0m[1mentry.js[22m [32m[42m▓▓▓▓▓▓▓[49m[39m[47m[37m░░░░░░░░░[39m[49m[1m 49.1% [22m[2m( 590/2289)[22m
[1mλ[22m [0m[2mnode_modules/.pnpm/expo-router@6.0.15_2wnowwueexp2loci2d7sbl73wm/node_modules/expo-router/node/[22m[0m[1mrender.js[22m [47m[37m░░░░░░░░░░░░░░░░[39m[49m[1m  0.0% [22m[2m(0/1)[22m
[253D[2A[0J[1mWeb[22m [0m[2mnode_modules/.pnpm/expo-router@6.0.15_2wnowwueexp2loci2d7sbl73wm/node_modules/expo-router/[22m[0m[1mentry.js[22m [32m[42m▓▓▓▓▓▓▓[49m[39m[47m[37m░░░░░░░░░[39m[49m[1m 49.1% [22m[2m( 590/2289)[22m
[1mλ[22m [0m[2mnode_modules/.pnpm/expo-router@6.0.15_2wnowwueexp2loci2d7sbl73wm/node_modules/expo-router/node/[22m[0m[1mrender.js[22m [32m[42m▓[49m[39m[47m[37m░░░░░░░░░░░░░░░[39m[49m[1m  6.3% [22m[2m( 5/20)[22m
[253D[2A[0J[1mWeb[22m [0m[2mnode_modules/.pnpm/expo-router@6.0.15_2wnowwueexp2loci2d7sbl73wm/node_modules/expo-router/[22m[0m[1mentry.js[22m [32m[42m▓▓▓▓▓▓▓[49m[39m[47m[37m░░░░░░░░░[39m[49m[1m 49.1% [22m[2m(1036/2439)[22m
[1mλ[22m [0m[2mnode_modules/.pnpm/expo-router@6.0.15_2wnowwueexp2loci2d7sbl73wm/node_modules/expo-router/node/[22m[0m[1mrender.js[22m [32m[42m▓[49m[39m[47m[37m░░░░░░░░░░░░░░░[39m[49m[1m  6.3% [22m[2m( 5/20)[22m
[253D[2A[0J[1mWeb[22m [0m[2mnode_modules/.pnpm/expo-router@6.0.15_2wnowwueexp2loci2d7sbl73wm/node_modules/expo-router/[22m[0m[1mentry.js[22m [32m[42m▓▓▓▓▓▓▓▓▓▓▓▓▓[49m[39m[47m[37m░░░[39m[49m[1m 81.3% [22m[2m(2201/2441)[22m
[1mλ[22m [0m[2mnode_modules/.pnpm/expo-router@6.0.15_2wnowwueexp2loci2d7sbl73wm/node_modules/expo-router/node/[22m[0m[1mrender.js[22m [32m[42m▓[49m[39m[47m[37m░░░░░░░░░░░░░░░[39m[49m[1m  6.3% [22m[2m( 5/20)[22m
[253D[2A[0J[1mWeb[22m [0m[2mnode_modules/.pnpm/expo-router@6.0.15_2wnowwueexp2loci2d7sbl73wm/node_modules/expo-router/[22m[0m[1mentry.js[22m [32m[42m▓▓▓▓▓▓▓▓▓▓▓▓▓[49m[39m[47m[37m░░░[39m[49m[1m 84.0% [22m[2m(2416/2636)[22m
[1mλ[22m [0m[2mnode_modules/.pnpm/expo-router@6.0.15_2wnowwueexp2loci2d7sbl73wm/node_modules/expo-router/node/[22m[0m[1mrender.js[22m [32m[42m▓[49m[39m[47m[37m░░░░░░░░░░░░░░░[39m[49m[1m  6.3% [22m[2m( 5/20)[22m
[253D[2A[0J[33m[7m[1m WARN [22m[27m[39m The package /home/ed/Documents/LSTS/human-0.com/node_modules/.pnpm/use-latest-callback@0.2.6_react@19.1.0/node_modules/use-latest-callback contains an invalid package.json configuration. Consider raising this issue with the package maintainer(s).
Reason: The resolution for "/home/ed/Documents/LSTS/human-0.com/node_modules/.pnpm/@react-navigation+native@7.1.22_react-native@0.81.5_@babel+core@7.28.5_@types+react@19.1.17_b_ou7ssj3vjcfent7tqte5uhjkhy/node_modules/use-latest-callback" defined in "exports" is /home/ed/Documents/LSTS/human-0.com/node_modules/.pnpm/use-latest-callback@0.2.6_react@19.1.0/node_modules/use-latest-callback/esm.mjs, however this file does not exist. Falling back to file-based resolution.
[1mWeb[22m [0m[2mnode_modules/.pnpm/expo-router@6.0.15_2wnowwueexp2loci2d7sbl73wm/node_modules/expo-router/[22m[0m[1mentry.js[22m [32m[42m▓▓▓▓▓▓▓▓▓▓▓▓▓[49m[39m[47m[37m░░░[39m[49m[1m 84.0% [22m[2m(2416/2636)[22m
[1mλ[22m [0m[2mnode_modules/.pnpm/expo-router@6.0.15_2wnowwueexp2loci2d7sbl73wm/node_modules/expo-router/node/[22m[0m[1mrender.js[22m [32m[42m▓[49m[39m[47m[37m░░░░░░░░░░░░░░░[39m[49m[1m  6.3% [22m[2m( 5/20)[22m
[253D[2A[0J[1mWeb[22m [0m[2mnode_modules/.pnpm/expo-router@6.0.15_2wnowwueexp2loci2d7sbl73wm/node_modules/expo-router/[22m[0m[1mentry.js[22m [32m[42m▓▓▓▓▓▓▓▓▓▓▓▓▓[49m[39m[47m[37m░░░[39m[49m[1m 84.0% [22m[2m(2416/2636)[22m
[1mλ[22m [0m[2mnode_modules/.pnpm/expo-router@6.0.15_2wnowwueexp2loci2d7sbl73wm/node_modules/expo-router/node/[22m[0m[1mrender.js[22m [32m[42m▓[49m[39m[47m[37m░░░░░░░░░░░░░░░[39m[49m[1m 12.3% [22m[2m(101/288)[22m
[253D[2A[0J[1mWeb[22m [0m[2mnode_modules/.pnpm/expo-router@6.0.15_2wnowwueexp2loci2d7sbl73wm/node_modules/expo-router/[22m[0m[1mentry.js[22m [32m[42m▓▓▓▓▓▓▓▓▓▓▓▓▓[49m[39m[47m[37m░░░[39m[49m[1m 84.0% [22m[2m(2556/2860)[22m
[1mλ[22m [0m[2mnode_modules/.pnpm/expo-router@6.0.15_2wnowwueexp2loci2d7sbl73wm/node_modules/expo-router/node/[22m[0m[1mrender.js[22m [32m[42m▓[49m[39m[47m[37m░░░░░░░░░░░░░░░[39m[49m[1m 12.3% [22m[2m(101/288)[22m
[253D[2A[0J[33m[7m[1m WARN [22m[27m[39m The package /home/ed/Documents/LSTS/human-0.com/node_modules/.pnpm/zustand@5.0.0_@types+react@19.1.17_react@19.1.0_use-sync-external-store@1.4.0_react@19.1.0_/node_modules/zustand contains an invalid package.json configuration. Consider raising this issue with the package maintainer(s).
Reason: The resolution for "/home/ed/Documents/LSTS/human-0.com/node_modules/.pnpm/@wagmi+core@3.0.0_@tanstack+query-core@5.90.11_@types+react@19.1.17_react@19.1.0_typescript@5_ia3dk3mdpo4u6ulnn3yr5reacm/node_modules/zustand/middleware" defined in "exports" is /home/ed/Documents/LSTS/human-0.com/node_modules/.pnpm/zustand@5.0.0_@types+react@19.1.17_react@19.1.0_use-sync-external-store@1.4.0_react@19.1.0_/node_modules/zustand/esm/middleware.mjs, however this file does not exist. Falling back to file-based resolution.
[1mWeb[22m [0m[2mnode_modules/.pnpm/expo-router@6.0.15_2wnowwueexp2loci2d7sbl73wm/node_modules/expo-router/[22m[0m[1mentry.js[22m [32m[42m▓▓▓▓▓▓▓▓▓▓▓▓▓[49m[39m[47m[37m░░░[39m[49m[1m 84.0% [22m[2m(2556/2860)[22m
[1mλ[22m [0m[2mnode_modules/.pnpm/expo-router@6.0.15_2wnowwueexp2loci2d7sbl73wm/node_modules/expo-router/node/[22m[0m[1mrender.js[22m [32m[42m▓[49m[39m[47m[37m░░░░░░░░░░░░░░░[39m[49m[1m 12.3% [22m[2m(101/288)[22m
[253D[2A[0J[33m[7m[1m WARN [22m[27m[39m The package /home/ed/Documents/LSTS/human-0.com/node_modules/.pnpm/zustand@5.0.0_@types+react@19.1.17_react@19.1.0_use-sync-external-store@1.4.0_react@19.1.0_/node_modules/zustand contains an invalid package.json configuration. Consider raising this issue with the package maintainer(s).
Reason: The resolution for "/home/ed/Documents/LSTS/human-0.com/node_modules/.pnpm/@wagmi+core@3.0.0_@tanstack+query-core@5.90.11_@types+react@19.1.17_react@19.1.0_typescript@5_ia3dk3mdpo4u6ulnn3yr5reacm/node_modules/zustand/vanilla" defined in "exports" is /home/ed/Documents/LSTS/human-0.com/node_modules/.pnpm/zustand@5.0.0_@types+react@19.1.17_react@19.1.0_use-sync-external-store@1.4.0_react@19.1.0_/node_modules/zustand/esm/vanilla.mjs, however this file does not exist. Falling back to file-based resolution.
[33m[7m[1m WARN [22m[27m[39m The package /home/ed/Documents/LSTS/human-0.com/node_modules/.pnpm/zustand@5.0.0_@types+react@19.1.17_react@19.1.0_use-sync-external-store@1.6.0_react@19.1.0_/node_modules/zustand contains an invalid package.json configuration. Consider raising this issue with the package maintainer(s).
Reason: The resolution for "/home/ed/Documents/LSTS/human-0.com/node_modules/.pnpm/@wagmi+core@3.0.0_@tanstack+query-core@5.90.11_@types+react@19.1.17_react@19.1.0_typescript@5_ajjua6ph4jnihg5hwejm4v3aoq/node_modules/zustand/middleware" defined in "exports" is /home/ed/Documents/LSTS/human-0.com/node_modules/.pnpm/zustand@5.0.0_@types+react@19.1.17_react@19.1.0_use-sync-external-store@1.6.0_react@19.1.0_/node_modules/zustand/esm/middleware.mjs, however this file does not exist. Falling back to file-based resolution.
[33m[7m[1m WARN [22m[27m[39m The package /home/ed/Documents/LSTS/human-0.com/node_modules/.pnpm/zustand@5.0.0_@types+react@19.1.17_react@19.1.0_use-sync-external-store@1.6.0_react@19.1.0_/node_modules/zustand contains an invalid package.json configuration. Consider raising this issue with the package maintainer(s).
Reason: The resolution for "/home/ed/Documents/LSTS/human-0.com/node_modules/.pnpm/@wagmi+core@3.0.0_@tanstack+query-core@5.90.11_@types+react@19.1.17_react@19.1.0_typescript@5_ajjua6ph4jnihg5hwejm4v3aoq/node_modules/zustand/vanilla" defined in "exports" is /home/ed/Documents/LSTS/human-0.com/node_modules/.pnpm/zustand@5.0.0_@types+react@19.1.17_react@19.1.0_use-sync-external-store@1.6.0_react@19.1.0_/node_modules/zustand/esm/vanilla.mjs, however this file does not exist. Falling back to file-based resolution.
[1mWeb[22m [0m[2mnode_modules/.pnpm/expo-router@6.0.15_2wnowwueexp2loci2d7sbl73wm/node_modules/expo-router/[22m[0m[1mentry.js[22m [32m[42m▓▓▓▓▓▓▓▓▓▓▓▓▓[49m[39m[47m[37m░░░[39m[49m[1m 84.0% [22m[2m(2671/3026)[22m
[1mλ[22m [0m[2mnode_modules/.pnpm/expo-router@6.0.15_2wnowwueexp2loci2d7sbl73wm/node_modules/expo-router/node/[22m[0m[1mrender.js[22m [32m[42m▓[49m[39m[47m[37m░░░░░░░░░░░░░░░[39m[49m[1m 12.3% [22m[2m(101/288)[22m
[253D[2A[0J[33m[7m[1m WARN [22m[27m[39m The package /home/ed/Documents/LSTS/human-0.com/node_modules/.pnpm/use-latest-callback@0.2.6_react@19.1.0/node_modules/use-latest-callback contains an invalid package.json configuration. Consider raising this issue with the package maintainer(s).
Reason: The resolution for "/home/ed/Documents/LSTS/human-0.com/node_modules/.pnpm/@react-navigation+core@7.13.3_react@19.1.0/node_modules/use-latest-callback" defined in "exports" is /home/ed/Documents/LSTS/human-0.com/node_modules/.pnpm/use-latest-callback@0.2.6_react@19.1.0/node_modules/use-latest-callback/esm.mjs, however this file does not exist. Falling back to file-based resolution.
[1mWeb[22m [0m[2mnode_modules/.pnpm/expo-router@6.0.15_2wnowwueexp2loci2d7sbl73wm/node_modules/expo-router/[22m[0m[1mentry.js[22m [32m[42m▓▓▓▓▓▓▓▓▓▓▓▓▓[49m[39m[47m[37m░░░[39m[49m[1m 84.0% [22m[2m(2671/3026)[22m
[1mλ[22m [0m[2mnode_modules/.pnpm/expo-router@6.0.15_2wnowwueexp2loci2d7sbl73wm/node_modules/expo-router/node/[22m[0m[1mrender.js[22m [32m[42m▓[49m[39m[47m[37m░░░░░░░░░░░░░░░[39m[49m[1m 12.3% [22m[2m(101/288)[22m
[253D[2A[0J[1mWeb[22m [0m[2mnode_modules/.pnpm/expo-router@6.0.15_2wnowwueexp2loci2d7sbl73wm/node_modules/expo-router/[22m[0m[1mentry.js[22m [32m[42m▓▓▓▓▓▓▓▓▓▓▓▓▓[49m[39m[47m[37m░░░[39m[49m[1m 84.0% [22m[2m(2671/3026)[22m
[1mλ[22m [0m[2mnode_modules/.pnpm/expo-router@6.0.15_2wnowwueexp2loci2d7sbl73wm/node_modules/expo-router/node/[22m[0m[1mrender.js[22m [32m[42m▓▓▓▓[49m[39m[47m[37m░░░░░░░░░░░░[39m[49m[1m 28.2% [22m[2m(214/403)[22m
[253D[2A[0J[1mWeb[22m [0m[2mnode_modules/.pnpm/expo-router@6.0.15_2wnowwueexp2loci2d7sbl73wm/node_modules/expo-router/[22m[0m[1mentry.js[22m [32m[42m▓▓▓▓▓▓▓▓▓▓▓▓▓[49m[39m[47m[37m░░░[39m[49m[1m 84.0% [22m[2m(2744/3693)[22m
[1mλ[22m [0m[2mnode_modules/.pnpm/expo-router@6.0.15_2wnowwueexp2loci2d7sbl73wm/node_modules/expo-router/node/[22m[0m[1mrender.js[22m [32m[42m▓▓▓▓[49m[39m[47m[37m░░░░░░░░░░░░[39m[49m[1m 28.2% [22m[2m(214/403)[22m
[253D[2A[0J[33m[7m[1m WARN [22m[27m[39m The package /home/ed/Documents/LSTS/human-0.com/node_modules/.pnpm/eventemitter3@5.0.1/node_modules/eventemitter3 contains an invalid package.json configuration. Consider raising this issue with the package maintainer(s).
Reason: The resolution for "/home/ed/Documents/LSTS/human-0.com/node_modules/.pnpm/@wagmi+core@3.0.0_@tanstack+query-core@5.90.11_@types+react@19.1.17_react@19.1.0_typescript@5_ia3dk3mdpo4u6ulnn3yr5reacm/node_modules/eventemitter3" defined in "exports" is /home/ed/Documents/LSTS/human-0.com/node_modules/.pnpm/eventemitter3@5.0.1/node_modules/eventemitter3/index.mjs, however this file does not exist. Falling back to file-based resolution.
[1mWeb[22m [0m[2mnode_modules/.pnpm/expo-router@6.0.15_2wnowwueexp2loci2d7sbl73wm/node_modules/expo-router/[22m[0m[1mentry.js[22m [32m[42m▓▓▓▓▓▓▓▓▓▓▓▓▓[49m[39m[47m[37m░░░[39m[49m[1m 84.0% [22m[2m(2744/3693)[22m
[1mλ[22m [0m[2mnode_modules/.pnpm/expo-router@6.0.15_2wnowwueexp2loci2d7sbl73wm/node_modules/expo-router/node/[22m[0m[1mrender.js[22m [32m[42m▓▓▓▓[49m[39m[47m[37m░░░░░░░░░░░░[39m[49m[1m 28.2% [22m[2m(214/403)[22m
[253D[2A[0J[33m[7m[1m WARN [22m[27m[39m The package /home/ed/Documents/LSTS/human-0.com/node_modules/.pnpm/eventemitter3@5.0.1/node_modules/eventemitter3 contains an invalid package.json configuration. Consider raising this issue with the package maintainer(s).
Reason: The resolution for "/home/ed/Documents/LSTS/human-0.com/node_modules/.pnpm/@wagmi+core@3.0.0_@tanstack+query-core@5.90.11_@types+react@19.1.17_react@19.1.0_typescript@5_ajjua6ph4jnihg5hwejm4v3aoq/node_modules/eventemitter3" defined in "exports" is /home/ed/Documents/LSTS/human-0.com/node_modules/.pnpm/eventemitter3@5.0.1/node_modules/eventemitter3/index.mjs, however this file does not exist. Falling back to file-based resolution.
[1mWeb[22m [0m[2mnode_modules/.pnpm/expo-router@6.0.15_2wnowwueexp2loci2d7sbl73wm/node_modules/expo-router/[22m[0m[1mentry.js[22m [32m[42m▓▓▓▓▓▓▓▓▓▓▓▓▓[49m[39m[47m[37m░░░[39m[49m[1m 84.0% [22m[2m(2875/3920)[22m
[1mλ[22m [0m[2mnode_modules/.pnpm/expo-router@6.0.15_2wnowwueexp2loci2d7sbl73wm/node_modules/expo-router/node/[22m[0m[1mrender.js[22m [32m[42m▓▓▓▓[49m[39m[47m[37m░░░░░░░░░░░░[39m[49m[1m 28.2% [22m[2m(214/403)[22m
[253D[2A[0J[1mWeb[22m [0m[2mnode_modules/.pnpm/expo-router@6.0.15_2wnowwueexp2loci2d7sbl73wm/node_modules/expo-router/[22m[0m[1mentry.js[22m [32m[42m▓▓▓▓▓▓▓▓▓▓▓▓▓[49m[39m[47m[37m░░░[39m[49m[1m 84.0% [22m[2m(2875/3920)[22m
[1mλ[22m [0m[2mnode_modules/.pnpm/expo-router@6.0.15_2wnowwueexp2loci2d7sbl73wm/node_modules/expo-router/node/[22m[0m[1mrender.js[22m [32m[42m▓▓▓▓▓▓▓▓▓[49m[39m[47m[37m░░░░░░░[39m[49m[1m 56.7% [22m[2m(424/563)[22m
[253D[2A[0J[33m[7m[1m WARN [22m[27m[39m The package /home/ed/Documents/LSTS/human-0.com/node_modules/.pnpm/use-latest-callback@0.2.6_react@19.1.0/node_modules/use-latest-callback contains an invalid package.json configuration. Consider raising this issue with the package maintainer(s).
Reason: The resolution for "/home/ed/Documents/LSTS/human-0.com/node_modules/.pnpm/@react-navigation+elements@2.8.4_@react-navigation+native@7.1.22_react-native@0.81.5_@babel+c_hoawmwjy2fonxlspe6qwjtckuu/node_modules/use-latest-callback" defined in "exports" is /home/ed/Documents/LSTS/human-0.com/node_modules/.pnpm/use-latest-callback@0.2.6_react@19.1.0/node_modules/use-latest-callback/esm.mjs, however this file does not exist. Falling back to file-based resolution.
[1mWeb[22m [0m[2mnode_modules/.pnpm/expo-router@6.0.15_2wnowwueexp2loci2d7sbl73wm/node_modules/expo-router/[22m[0m[1mentry.js[22m [32m[42m▓▓▓▓▓▓▓▓▓▓▓▓▓[49m[39m[47m[37m░░░[39m[49m[1m 84.0% [22m[2m(2875/3920)[22m
[1mλ[22m [0m[2mnode_modules/.pnpm/expo-router@6.0.15_2wnowwueexp2loci2d7sbl73wm/node_modules/expo-router/node/[22m[0m[1mrender.js[22m [32m[42m▓▓▓▓▓▓▓▓▓[49m[39m[47m[37m░░░░░░░[39m[49m[1m 56.7% [22m[2m(424/563)[22m
[253D[2A[0J[1mWeb[22m [0m[2mnode_modules/.pnpm/expo-router@6.0.15_2wnowwueexp2loci2d7sbl73wm/node_modules/expo-router/[22m[0m[1mentry.js[22m [32m[42m▓▓▓▓▓▓▓▓▓▓▓▓▓▓[49m[39m[47m[37m░░[39m[49m[1m 93.1% [22m[2m(3877/4018)[22m
[1mλ[22m [0m[2mnode_modules/.pnpm/expo-router@6.0.15_2wnowwueexp2loci2d7sbl73wm/node_modules/expo-router/node/[22m[0m[1mrender.js[22m [32m[42m▓▓▓▓▓▓▓▓▓[49m[39m[47m[37m░░░░░░░[39m[49m[1m 59.5% [22m[2m(520/674)[22m
[253D[2A[0J[33m[7m[1m WARN [22m[27m[39m The package /home/ed/Documents/LSTS/human-0.com/node_modules/.pnpm/use-latest-callback@0.2.6_react@19.1.0/node_modules/use-latest-callback contains an invalid package.json configuration. Consider raising this issue with the package maintainer(s).
Reason: The resolution for "/home/ed/Documents/LSTS/human-0.com/node_modules/.pnpm/@react-navigation+native@7.0.0-rc.21_react-native@0.81.5_@babel+core@7.28.5_@types+react@19.1_lub5bgxoca3p7if54urnjdyvwu/node_modules/use-latest-callback" defined in "exports" is /home/ed/Documents/LSTS/human-0.com/node_modules/.pnpm/use-latest-callback@0.2.6_react@19.1.0/node_modules/use-latest-callback/esm.mjs, however this file does not exist. Falling back to file-based resolution.
[1mWeb[22m [0m[2mnode_modules/.pnpm/expo-router@6.0.15_2wnowwueexp2loci2d7sbl73wm/node_modules/expo-router/[22m[0m[1mentry.js[22m [32m[42m▓▓▓▓▓▓▓▓▓▓▓▓▓▓[49m[39m[47m[37m░░[39m[49m[1m 93.1% [22m[2m(3877/4018)[22m
[1mλ[22m [0m[2mnode_modules/.pnpm/expo-router@6.0.15_2wnowwueexp2loci2d7sbl73wm/node_modules/expo-router/node/[22m[0m[1mrender.js[22m [32m[42m▓▓▓▓▓▓▓▓▓[49m[39m[47m[37m░░░░░░░[39m[49m[1m 59.5% [22m[2m(520/674)[22m
[253D[2A[0J[1mWeb[22m [0m[2mnode_modules/.pnpm/expo-router@6.0.15_2wnowwueexp2loci2d7sbl73wm/node_modules/expo-router/[22m[0m[1mentry.js[22m [32m[42m▓▓▓▓▓▓▓▓▓▓▓▓▓▓[49m[39m[47m[37m░░[39m[49m[1m 93.1% [22m[2m(3877/4018)[22m
[1mλ[22m [0m[2mnode_modules/.pnpm/expo-router@6.0.15_2wnowwueexp2loci2d7sbl73wm/node_modules/expo-router/node/[22m[0m[1mrender.js[22m [32m[42m▓▓▓▓▓▓▓▓▓[49m[39m[47m[37m░░░░░░░[39m[49m[1m 59.5% [22m[2m( 637/2308)[22m
[253D[2A[0J[1mWeb[22m [0m[2mnode_modules/.pnpm/expo-router@6.0.15_2wnowwueexp2loci2d7sbl73wm/node_modules/expo-router/[22m[0m[1mentry.js[22m [32m[42m▓▓▓▓▓▓▓▓▓▓▓▓▓▓[49m[39m[47m[37m░░[39m[49m[1m 93.1% [22m[2m(3877/4018)[22m
[1mλ[22m [0m[2mnode_modules/.pnpm/expo-router@6.0.15_2wnowwueexp2loci2d7sbl73wm/node_modules/expo-router/node/[22m[0m[1mrender.js[22m [32m[42m▓▓▓▓▓▓▓▓▓[49m[39m[47m[37m░░░░░░░[39m[49m[1m 59.5% [22m[2m(1422/2368)[22m
[253D[2A[0J[33m[7m[1m WARN [22m[27m[39m Attempted to import the module "/home/ed/Documents/LSTS/human-0.com/node_modules/.pnpm/@noble+hashes@1.8.0/node_modules/@noble/hashes/crypto.js" which is not listed in the "exports" of "/home/ed/Documents/LSTS/human-0.com/node_modules/.pnpm/@noble+hashes@1.8.0/node_modules/@noble/hashes" under the requested subpath "./crypto.js". Falling back to file-based resolution. Consider updating the call site or asking the package maintainer(s) to expose this API.
[1mWeb[22m [0m[2mnode_modules/.pnpm/expo-router@6.0.15_2wnowwueexp2loci2d7sbl73wm/node_modules/expo-router/[22m[0m[1mentry.js[22m [32m[42m▓▓▓▓▓▓▓▓▓▓▓▓▓▓[49m[39m[47m[37m░░[39m[49m[1m 93.1% [22m[2m(3877/4018)[22m
[1mλ[22m [0m[2mnode_modules/.pnpm/expo-router@6.0.15_2wnowwueexp2loci2d7sbl73wm/node_modules/expo-router/node/[22m[0m[1mrender.js[22m [32m[42m▓▓▓▓▓▓▓▓▓[49m[39m[47m[37m░░░░░░░[39m[49m[1m 59.5% [22m[2m(1422/2368)[22m
[253D[2A[0J[1mWeb[22m [0m[2mnode_modules/.pnpm/expo-router@6.0.15_2wnowwueexp2loci2d7sbl73wm/node_modules/expo-router/[22m[0m[1mentry.js[22m [32m[42m▓▓▓▓▓▓▓▓▓▓▓▓▓▓[49m[39m[47m[37m░░[39m[49m[1m 93.1% [22m[2m(3877/4018)[22m
[1mλ[22m [0m[2mnode_modules/.pnpm/expo-router@6.0.15_2wnowwueexp2loci2d7sbl73wm/node_modules/expo-router/node/[22m[0m[1mrender.js[22m [32m[42m▓▓▓▓▓▓▓▓▓▓▓▓▓▓[49m[39m[47m[37m░░[39m[49m[1m 88.8% [22m[2m(2233/2370)[22m
[253D[2A[0J[1mWeb[22m [0m[2mnode_modules/.pnpm/expo-router@6.0.15_2wnowwueexp2loci2d7sbl73wm/node_modules/expo-router/[22m[0m[1mentry.js[22m [32m[42m▓▓▓▓▓▓▓▓▓▓▓▓▓▓[49m[39m[47m[37m░░[39m[49m[1m 93.1% [22m[2m(3877/4018)[22m
[1mλ[22m [0m[2mnode_modules/.pnpm/expo-router@6.0.15_2wnowwueexp2loci2d7sbl73wm/node_modules/expo-router/node/[22m[0m[1mrender.js[22m [32m[42m▓▓▓▓▓▓▓▓▓▓▓▓▓▓▓[49m[39m[47m[37m░[39m[49m[1m 95.8% [22m[2m(2470/2523)[22m
[253D[2A[0J[33m[7m[1m WARN [22m[27m[39m The package /home/ed/Documents/LSTS/human-0.com/node_modules/.pnpm/use-latest-callback@0.2.6_react@19.1.0/node_modules/use-latest-callback contains an invalid package.json configuration. Consider raising this issue with the package maintainer(s).
Reason: The resolution for "/home/ed/Documents/LSTS/human-0.com/node_modules/.pnpm/@react-navigation+elements@2.8.4_@react-navigation+native@7.1.22_react-native@0.81.5_@babel+c_hoawmwjy2fonxlspe6qwjtckuu/node_modules/use-latest-callback" defined in "exports" is /home/ed/Documents/LSTS/human-0.com/node_modules/.pnpm/use-latest-callback@0.2.6_react@19.1.0/node_modules/use-latest-callback/esm.mjs, however this file does not exist. Falling back to file-based resolution.
[1mWeb[22m [0m[2mnode_modules/.pnpm/expo-router@6.0.15_2wnowwueexp2loci2d7sbl73wm/node_modules/expo-router/[22m[0m[1mentry.js[22m [32m[42m▓▓▓▓▓▓▓▓▓▓▓▓▓▓[49m[39m[47m[37m░░[39m[49m[1m 93.1% [22m[2m(3877/4018)[22m
[1mλ[22m [0m[2mnode_modules/.pnpm/expo-router@6.0.15_2wnowwueexp2loci2d7sbl73wm/node_modules/expo-router/node/[22m[0m[1mrender.js[22m [32m[42m▓▓▓▓▓▓▓▓▓▓▓▓▓▓▓[49m[39m[47m[37m░[39m[49m[1m 95.8% [22m[2m(2470/2523)[22m
[253D[2A[0J[1mWeb[22m [0m[2mnode_modules/.pnpm/expo-router@6.0.15_2wnowwueexp2loci2d7sbl73wm/node_modules/expo-router/[22m[0m[1mentry.js[22m [32m[42m▓▓▓▓▓▓▓▓▓▓▓▓▓▓[49m[39m[47m[37m░░[39m[49m[1m 93.1% [22m[2m(3877/4018)[22m
[1mλ[22m [0m[2mnode_modules/.pnpm/expo-router@6.0.15_2wnowwueexp2loci2d7sbl73wm/node_modules/expo-router/node/[22m[0m[1mrender.js[22m [32m[42m▓▓▓▓▓▓▓▓▓▓▓▓▓▓▓[49m[39m[47m[37m░[39m[49m[1m 96.6% [22m[2m(2660/2707)[22m
[253D[2A[0J[1mWeb[22m [0m[2mnode_modules/.pnpm/expo-router@6.0.15_2wnowwueexp2loci2d7sbl73wm/node_modules/expo-router/[22m[0m[1mentry.js[22m [32m[42m▓▓▓▓▓▓▓▓▓▓▓▓▓▓[49m[39m[47m[37m░░[39m[49m[1m 93.1% [22m[2m(3877/4018)[22m
[1mλ[22m [0m[2mnode_modules/.pnpm/expo-router@6.0.15_2wnowwueexp2loci2d7sbl73wm/node_modules/expo-router/node/[22m[0m[1mrender.js[22m [32m[42m▓▓▓▓▓▓▓▓▓▓▓▓▓▓▓[49m[39m[47m[37m░[39m[49m[1m 97.6% [22m[2m(2710/2743)[22m
[253D[2A[0J[1mWeb[22m [0m[2mnode_modules/.pnpm/expo-router@6.0.15_2wnowwueexp2loci2d7sbl73wm/node_modules/expo-router/[22m[0m[1mentry.js[22m [32m[42m▓▓▓▓▓▓▓▓▓▓▓▓▓▓[49m[39m[47m[37m░░[39m[49m[1m 93.1% [22m[2m(3877/4018)[22m
[1mλ[22m [0m[2mnode_modules/.pnpm/expo-router@6.0.15_2wnowwueexp2loci2d7sbl73wm/node_modules/expo-router/node/[22m[0m[1mrender.js[22m [32m[42m▓▓▓▓▓▓▓▓▓▓▓▓▓▓▓[49m[39m[47m[37m░[39m[49m[1m 97.7% [22m[2m(2711/2743)[22m
[253D[2A[0J[32m[1mWeb[22m Bundled [39m[2m4901ms[22m[0m[2m node_modules/.pnpm/expo-router@6.0.15_2wnowwueexp2loci2d7sbl73wm/node_modules/expo-router/entry.js (4018 modules)[22m[0m
[1mWeb[22m [0m[2mnode_modules/.pnpm/expo-router@6.0.15_2wnowwueexp2loci2d7sbl73wm/node_modules/expo-router/[22m[0m[1mentry.js[22m [32m[42m▓▓▓▓▓▓▓▓▓▓▓▓▓▓[49m[39m[47m[37m░░[39m[49m[1m 93.1% [22m[2m(3877/4018)[22m
[1mλ[22m [0m[2mnode_modules/.pnpm/expo-router@6.0.15_2wnowwueexp2loci2d7sbl73wm/node_modules/expo-router/node/[22m[0m[1mrender.js[22m [32m[42m▓▓▓▓▓▓▓▓▓▓▓▓▓▓▓[49m[39m[47m[37m░[39m[49m[1m 97.7% [22m[2m(2711/2743)[22m
[253D[2A[0J[32m[1mλ[22m Bundled [39m[2m4954ms[22m[0m[2m node_modules/.pnpm/expo-router@6.0.15_2wnowwueexp2loci2d7sbl73wm/node_modules/expo-router/node/render.js (2743 modules)[22m[0m
[1mλ[22m [0m[2mapps/web/app/api/[22m[0m[1mterms+api.ts[22m [47m[37m░░░░░░░░░░░░░░░░[39m[49m[1m  0.0% [22m[2m(0/1)[22m
[253D[1A[0J[32m[1mλ[22m Bundled [39m[2m854ms[22m[0m[2m apps/web/app/api/terms+api.ts (1 module)[22m[0m
[1mλ[22m [0m[2mapps/web/app/api/[22m[0m[1mterms+api.ts[22m [47m[37m░░░░░░░░░░░░░░░░[39m[49m[1m  0.0% [22m[2m(0/1)[22m
[253D[1A[0J[1mλ[22m [0m[2mapps/web/app/api/[22m[0m[1mprivacy+api.ts[22m [47m[37m░░░░░░░░░░░░░░░░[39m[49m[1m  0.0% [22m[2m(0/1)[22m
[253D[1A[0J[32m[1mλ[22m Bundled [39m[2m902ms[22m[0m[2m apps/web/app/api/privacy+api.ts (1 module)[22m[0m
[1mλ[22m [0m[2mapps/web/app/api/[22m[0m[1mprivacy+api.ts[22m [47m[37m░░░░░░░░░░░░░░░░[39m[49m[1m  0.0% [22m[2m(0/1)[22m
[253D[1A[0J[1mλ[22m [0m[2mapps/web/app/api/auth/[22m[0m[1mgoogle+api.ts[22m [47m[37m░░░░░░░░░░░░░░░░[39m[49m[1m  0.0% [22m[2m(0/1)[22m
[253D[1A[0J[32m[1mλ[22m Bundled [39m[2m965ms[22m[0m[2m apps/web/app/api/auth/google+api.ts (1 module)[22m[0m
[1mλ[22m [0m[2mapps/web/app/api/auth/[22m[0m[1mgoogle+api.ts[22m [47m[37m░░░░░░░░░░░░░░░░[39m[49m[1m  0.0% [22m[2m(0/1)[22m
[253D[1A[0J[1mλ[22m [0m[2mapps/web/app/api/[22m[0m[1mhuman-stats+api.ts[22m [47m[37m░░░░░░░░░░░░░░░░[39m[49m[1m  0.0% [22m[2m(0/1)[22m
[253D[1A[0J[32m[1mλ[22m Bundled [39m[2m1009ms[22m[0m[2m apps/web/app/api/human-stats+api.ts (1 module)[22m[0m
[1mλ[22m [0m[2mapps/web/app/api/[22m[0m[1mhuman-stats+api.ts[22m [47m[37m░░░░░░░░░░░░░░░░[39m[49m[1m  0.0% [22m[2m(0/1)[22m
[253D[1A[0J[1mλ[22m [0m[2mapps/web/app/api/auth/[22m[0m[1mmagic-link+api.ts[22m [47m[37m░░░░░░░░░░░░░░░░[39m[49m[1m  0.0% [22m[2m(0/1)[22m
[253D[1A[0J[32m[1mλ[22m Bundled [39m[2m964ms[22m[0m[2m apps/web/app/api/auth/magic-link+api.ts (1 module)[22m[0m
[1mλ[22m [0m[2mapps/web/app/api/auth/[22m[0m[1mmagic-link+api.ts[22m [47m[37m░░░░░░░░░░░░░░░░[39m[49m[1m  0.0% [22m[2m(0/1)[22m
[253D[1A[0J[1mλ[22m [0m[2mapps/web/app/api/auth/[22m[0m[1mverify-otp+api.ts[22m [47m[37m░░░░░░░░░░░░░░░░[39m[49m[1m  0.0% [22m[2m(0/1)[22m
[253D[1A[0J[32m[1mλ[22m Bundled [39m[2m950ms[22m[0m[2m apps/web/app/api/auth/verify-otp+api.ts (1 module)[22m[0m
[1mλ[22m [0m[2mapps/web/app/api/auth/[22m[0m[1mverify-otp+api.ts[22m [47m[37m░░░░░░░░░░░░░░░░[39m[49m[1m  0.0% [22m[2m(0/1)[22m
[253D[1A[0J[1mλ[22m [0m[2mapps/web/app/api/auth/google/[22m[0m[1mcallback+api.ts[22m [47m[37m░░░░░░░░░░░░░░░░[39m[49m[1m  0.0% [22m[2m(0/1)[22m
[253D[1A[0J[32m[1mλ[22m Bundled [39m[2m932ms[22m[0m[2m apps/web/app/api/auth/google/callback+api.ts (1 module)[22m[0m
[1mλ[22m [0m[2mapps/web/app/api/auth/google/[22m[0m[1mcallback+api.ts[22m [47m[37m░░░░░░░░░░░░░░░░[39m[49m[1m  0.0% [22m[2m(0/1)[22m
[253D[1A[0J
[1m› web bundles (9):[22m
_expo/static/css/web-faea7eda7f60ba82055678d02942387d.css [90m(45.7 kB)[39m
_expo/static/js/web/__common-98a568fd8a537c01306521f3560e654b.js [90m(797 kB)[39m
_expo/static/js/web/__expo-metro-runtime-46ac14f77b8d07852b02d57eb3e5b645.js [90m(3.8 kB)[39m
_expo/static/js/web/AuthModal-4d2215e7566cec199723b40ce6c30acb.js [90m(17.2 kB)[39m
_expo/static/js/web/entry-1bd08f6592bc4003614c31b54ec19a9d.js [90m(3.98 MB)[39m
_expo/static/js/web/index-579cfc3df1fdfc4a08126ca24653908d.js [90m(14.4 kB)[39m
_expo/static/js/web/native-c957f459fa9ae30737b446c8adf8e039.js [90m(547 B)[39m
_expo/static/js/web/useAuth-f0238e1657fccbc4a9ada24b369a0431.js [90m(1.81 kB)[39m
_expo/static/js/web/wagmi-config-b9ed384c72a79beda282bfa0624ba31f.js [90m(508 kB)[39m

[1m› Static routes (22):[22m
/nfts [90m(30.1 kB)[39m
/[90m (index)[39m [90m(22.6 kB)[39m
/terms [90m(27.9 kB)[39m
/canvas [90m(56.7 kB)[39m
/impact [90m(32.2 kB)[39m
/privacy [90m(27.9 kB)[39m
/profile [90m(32.3 kB)[39m
/identity [90m(33.3 kB)[39m
/_sitemap [90m(19.4 kB)[39m
/+not-found [90m(19.4 kB)[39m
/pdf-download [90m(40.7 kB)[39m
/documentation [90m(23.1 kB)[39m
/dashboard [90m(23.4 kB)[39m
/dashboard/identity [90m(23.4 kB)[39m
/documentation/terms [90m(22.8 kB)[39m
/(authenticated)/nfts [90m(22.8 kB)[39m
/(authenticated) [90m(22.8 kB)[39m
/documentation/privacy [90m(22.8 kB)[39m
/(authenticated)/impact [90m(22.8 kB)[39m
/(authenticated)/profile [90m(22.8 kB)[39m
/(authenticated)/identity [90m(22.8 kB)[39m
/(authenticated)/dashboard [90m(22.8 kB)[39m

[1m› API routes (7):[22m
/api/terms [90m(5.87 kB)[39m [90m(source map [90m(7.69 kB)[39m[90m)[39m
/api/privacy [90m(5.9 kB)[39m [90m(source map [90m(7.69 kB)[39m[90m)[39m
/api/auth/google [90m(4.19 kB)[39m [90m(source map [90m(6.08 kB)[39m[90m)[39m
/api/human-stats [90m(5.31 kB)[39m [90m(source map [90m(7.25 kB)[39m[90m)[39m
/api/auth/magic-link [90m(5.06 kB)[39m [90m(source map [90m(7.26 kB)[39m[90m)[39m
/api/auth/verify-otp [90m(5.33 kB)[39m [90m(source map [90m(7.41 kB)[39m[90m)[39m
/api/auth/google/callback [90m(4.73 kB)[39m [90m(source map [90m(6.89 kB)[39m[90m)[39m

[92mExported: dist[39m
