This is XeTeX, Version 3.141592653-2.6-0.999995 (TeX Live 2023/Debian) (preloaded format=xelatex 2025.11.30)  30 NOV 2025 21:17
entering extended mode
 \write18 enabled.
 file:line:error style messages enabled.
 %&-line parsing enabled.
**whitepaper.tex
(./whitepaper.tex
LaTeX2e <2023-11-01> patch level 1
L3 programming layer <2024-01-22>
(/usr/share/texlive/texmf-dist/tex/latex/base/article.cls
Document Class: article 2023/05/17 v1.4n Standard LaTeX document class
(/usr/share/texlive/texmf-dist/tex/latex/base/size10.clo
File: size10.clo 2023/05/17 v1.4n Standard LaTeX file (size option)
)
\c@part=\count183
\c@section=\count184
\c@subsection=\count185
\c@subsubsection=\count186
\c@paragraph=\count187
\c@subparagraph=\count188
\c@figure=\count189
\c@table=\count190
\abovecaptionskip=\skip48
\belowcaptionskip=\skip49
\bibindent=\dimen140
) (/usr/share/texlive/texmf-dist/tex/latex/hyperref/hyperref.sty
Package: hyperref 2024-01-20 v7.01h Hypertext links for LaTeX
(/usr/share/texlive/texmf-dist/tex/generic/iftex/iftex.sty
Package: iftex 2022/02/03 v1.0f TeX engine tests
) (/usr/share/texlive/texmf-dist/tex/latex/graphics/keyval.sty
Package: keyval 2022/05/29 v1.15 key=value parser (DPC)
\KV@toks@=\toks17
) (/usr/share/texlive/texmf-dist/tex/latex/kvsetkeys/kvsetkeys.sty
Package: kvsetkeys 2022-10-05 v1.19 Key value parser (HO)
) (/usr/share/texlive/texmf-dist/tex/generic/kvdefinekeys/kvdefinekeys.sty
Package: kvdefinekeys 2019-12-19 v1.6 Define keys (HO)
) (/usr/share/texlive/texmf-dist/tex/generic/pdfescape/pdfescape.sty
Package: pdfescape 2019/12/09 v1.15 Implements pdfTeX's escape features (HO)
(/usr/share/texlive/texmf-dist/tex/generic/ltxcmds/ltxcmds.sty
Package: ltxcmds 2023-12-04 v1.26 LaTeX kernel commands for general use (HO)
) (/usr/share/texlive/texmf-dist/tex/generic/pdftexcmds/pdftexcmds.sty
Package: pdftexcmds 2020-06-27 v0.33 Utility functions of pdfTeX for LuaTeX (HO
)
(/usr/share/texlive/texmf-dist/tex/generic/infwarerr/infwarerr.sty
Package: infwarerr 2019/12/03 v1.5 Providing info/warning/error messages (HO)
)
Package pdftexcmds Info: \pdf@primitive is available.
Package pdftexcmds Info: \pdf@ifprimitive is available.
Package pdftexcmds Info: \pdfdraftmode not found.
)) (/usr/share/texlive/texmf-dist/tex/latex/hycolor/hycolor.sty
Package: hycolor 2020-01-27 v1.10 Color options for hyperref/bookmark (HO)
) (/usr/share/texlive/texmf-dist/tex/latex/auxhook/auxhook.sty
Package: auxhook 2019-12-17 v1.6 Hooks for auxiliary files (HO)
) (/usr/share/texlive/texmf-dist/tex/latex/hyperref/nameref.sty
Package: nameref 2023-11-26 v2.56 Cross-referencing by name of section
(/usr/share/texlive/texmf-dist/tex/latex/refcount/refcount.sty
Package: refcount 2019/12/15 v3.6 Data extraction from label references (HO)
) (/usr/share/texlive/texmf-dist/tex/generic/gettitlestring/gettitlestring.sty
Package: gettitlestring 2019/12/15 v1.6 Cleanup title references (HO)
(/usr/share/texlive/texmf-dist/tex/latex/kvoptions/kvoptions.sty
Package: kvoptions 2022-06-15 v3.15 Key value format for package options (HO)
))
\c@section@level=\count191
) (/usr/share/texlive/texmf-dist/tex/latex/etoolbox/etoolbox.sty
Package: etoolbox 2020/10/05 v2.5k e-TeX tools for LaTeX (JAW)
\etb@tempcnta=\count192
)
\@linkdim=\dimen141
\Hy@linkcounter=\count193
\Hy@pagecounter=\count194
(/usr/share/texlive/texmf-dist/tex/latex/hyperref/pd1enc.def
File: pd1enc.def 2024-01-20 v7.01h Hyperref: PDFDocEncoding definition (HO)
) (/usr/share/texlive/texmf-dist/tex/generic/intcalc/intcalc.sty
Package: intcalc 2019/12/15 v1.3 Expandable calculations with integers (HO)
)
\Hy@SavedSpaceFactor=\count195
(/usr/share/texlive/texmf-dist/tex/latex/hyperref/puenc.def
File: puenc.def 2024-01-20 v7.01h Hyperref: PDF Unicode definition (HO)
)
Package hyperref Info: Hyper figures OFF on input line 4179.
Package hyperref Info: Link nesting OFF on input line 4184.
Package hyperref Info: Hyper index ON on input line 4187.
Package hyperref Info: Plain pages OFF on input line 4194.
Package hyperref Info: Backreferencing OFF on input line 4199.
Package hyperref Info: Implicit mode ON; LaTeX internals redefined.
Package hyperref Info: Bookmarks ON on input line 4446.
\c@Hy@tempcnt=\count196
(/usr/share/texlive/texmf-dist/tex/latex/url/url.sty
\Urlmuskip=\muskip16
Package: url 2013/09/16  ver 3.4  Verb mode for urls, etc.
)
LaTeX Info: Redefining \url on input line 4784.
\XeTeXLinkMargin=\dimen142
(/usr/share/texlive/texmf-dist/tex/generic/bitset/bitset.sty
Package: bitset 2019/12/09 v1.3 Handle bit-vector datatype (HO)
(/usr/share/texlive/texmf-dist/tex/generic/bigintcalc/bigintcalc.sty
Package: bigintcalc 2019/12/15 v1.5 Expandable calculations on big integers (HO
)
))
\Fld@menulength=\count197
\Field@Width=\dimen143
\Fld@charsize=\dimen144
Package hyperref Info: Hyper figures OFF on input line 6063.
Package hyperref Info: Link nesting OFF on input line 6068.
Package hyperref Info: Hyper index ON on input line 6071.
Package hyperref Info: backreferencing OFF on input line 6078.
Package hyperref Info: Link coloring OFF on input line 6083.
Package hyperref Info: Link coloring with OCG OFF on input line 6088.
Package hyperref Info: PDF/A mode OFF on input line 6093.
(/usr/share/texlive/texmf-dist/tex/latex/base/atbegshi-ltx.sty
Package: atbegshi-ltx 2021/01/10 v1.0c Emulation of the original atbegshi
package with kernel methods
)
\Hy@abspage=\count198
\c@Item=\count199
\c@Hfootnote=\count266
)
Package hyperref Info: Driver (autodetected): hxetex.
(/usr/share/texlive/texmf-dist/tex/latex/hyperref/hxetex.def
File: hxetex.def 2024-01-20 v7.01h Hyperref driver for XeTeX
(/usr/share/texlive/texmf-dist/tex/generic/stringenc/stringenc.sty
Package: stringenc 2019/11/29 v1.12 Convert strings between diff. encodings (HO
)
)
\pdfm@box=\box51
\c@Hy@AnnotLevel=\count267
\HyField@AnnotCount=\count268
\Fld@listcount=\count269
\c@bookmark@seq@number=\count270
(/usr/share/texlive/texmf-dist/tex/latex/rerunfilecheck/rerunfilecheck.sty
Package: rerunfilecheck 2022-07-10 v1.10 Rerun checks for auxiliary files (HO)
(/usr/share/texlive/texmf-dist/tex/latex/base/atveryend-ltx.sty
Package: atveryend-ltx 2020/08/19 v1.0a Emulation of the original atveryend pac
kage
with kernel methods
) (/usr/share/texlive/texmf-dist/tex/generic/uniquecounter/uniquecounter.sty
Package: uniquecounter 2019/12/15 v1.4 Provide unlimited unique counter (HO)
)
Package uniquecounter Info: New unique counter `rerunfilecheck' on input line 2
85.
)
\Hy@SectionHShift=\skip50
) (/usr/share/texlive/texmf-dist/tex/latex/datetime/datetime.sty
Package: datetime 2015/03/20 v2.60 Date Time Package
(/usr/share/texlive/texmf-dist/tex/latex/fmtcount/fmtcount.sty
Invalid UTF-8 byte or sequence at line 10 replaced by U+FFFD.
Invalid UTF-8 byte or sequence at line 22 replaced by U+FFFD.
Package: fmtcount 2020/01/30 v3.07
(/usr/share/texlive/texmf-dist/tex/latex/base/ifthen.sty
Package: ifthen 2022/04/13 v1.1d Standard LaTeX ifthen package (DPC)
) (/usr/share/texlive/texmf-dist/tex/latex/xkeyval/xkeyval.sty
Package: xkeyval 2022/06/16 v2.9 package option processing (HA)
(/usr/share/texlive/texmf-dist/tex/generic/xkeyval/xkeyval.tex (/usr/share/texl
ive/texmf-dist/tex/generic/xkeyval/xkvutils.tex
\XKV@toks=\toks18
\XKV@tempa@toks=\toks19
)
\XKV@depth=\count271
File: xkeyval.tex 2014/12/03 v2.7a key=value parser (HA)
)) (/usr/share/texlive/texmf-dist/tex/latex/fmtcount/fcprefix.sty
Invalid UTF-8 byte or sequence at line 10 replaced by U+FFFD.
Invalid UTF-8 byte or sequence at line 22 replaced by U+FFFD.
Package: fcprefix 2012/09/28
(/usr/share/texlive/texmf-dist/tex/latex/fmtcount/fcnumparser.sty
Invalid UTF-8 byte or sequence at line 10 replaced by U+FFFD.
Invalid UTF-8 byte or sequence at line 22 replaced by U+FFFD.
Package: fcnumparser 2017/06/15
\fc@digit@counter=\count272
)) (/usr/share/texlive/texmf-dist/tex/latex/amsmath/amsgen.sty
File: amsgen.sty 1999/11/30 v2.0 generic functions
\@emptytoks=\toks20
\ex@=\dimen145
)
\c@padzeroesN=\count273
\fc@tmpcatcode=\count274
\@DT@modctr=\count275
\@ordinalctr=\count276
\@orgargctr=\count277
\@strctr=\count278
\@tmpstrctr=\count279
\@DT@loopN=\count280
\@DT@X=\count281
) (/usr/share/texlive/texmf-dist/tex/latex/datetime/datetime-defaults.sty
Package: datetime-defaults 2013/09/10
)
\@day=\count282
\@month=\count283
\@year=\count284
\c@HOUR=\count285
\c@HOURXII=\count286
\c@MINUTE=\count287
\c@TOHOUR=\count288
\c@TOMINUTE=\count289
\c@SECOND=\count290
\currenthour=\count291
\currentminute=\count292
\currentsecond=\count293
Package datetime Info: No datetime.cfg file found, using default settings on in
put line 308.
\@dtctr=\count294
\dayofyear=\count295
\dayofweek=\count296
LaTeX Info: Redefining \today on input line 736.
\dt@a=\toks21
\dt@b=\toks22
) (/usr/share/texlive/texmf-dist/tex/latex/graphics/graphicx.sty
Package: graphicx 2021/09/16 v1.2d Enhanced LaTeX Graphics (DPC,SPQR)
(/usr/share/texlive/texmf-dist/tex/latex/graphics/graphics.sty
Package: graphics 2022/03/10 v1.4e Standard LaTeX Graphics (DPC,SPQR)
(/usr/share/texlive/texmf-dist/tex/latex/graphics/trig.sty
Package: trig 2021/08/11 v1.11 sin cos tan (DPC)
) (/usr/share/texlive/texmf-dist/tex/latex/graphics-cfg/graphics.cfg
File: graphics.cfg 2016/06/04 v1.11 sample graphics configuration
)
Package graphics Info: Driver file: xetex.def on input line 107.
(/usr/share/texlive/texmf-dist/tex/latex/graphics-def/xetex.def
File: xetex.def 2022/09/22 v5.0n Graphics/color driver for xetex
))
\Gin@req@height=\dimen146
\Gin@req@width=\dimen147
) (/usr/share/texlive/texmf-dist/tex/latex/natbib/natbib.sty
Package: natbib 2010/09/13 8.31b (PWD, AO)
\bibhang=\skip51
\bibsep=\skip52
LaTeX Info: Redefining \cite on input line 694.
\c@NAT@ctr=\count297
) (/usr/share/texlive/texmf-dist/tex/latex/amsmath/amsmath.sty
Package: amsmath 2023/05/13 v2.17o AMS math features
\@mathmargin=\skip53
For additional information on amsmath, use the `?' option.
(/usr/share/texlive/texmf-dist/tex/latex/amsmath/amstext.sty
Package: amstext 2021/08/26 v2.01 AMS text
) (/usr/share/texlive/texmf-dist/tex/latex/amsmath/amsbsy.sty
Package: amsbsy 1999/11/29 v1.2d Bold Symbols
\pmbraise@=\dimen148
) (/usr/share/texlive/texmf-dist/tex/latex/amsmath/amsopn.sty
Package: amsopn 2022/04/08 v2.04 operator names
)
\inf@bad=\count298
LaTeX Info: Redefining \frac on input line 234.
\uproot@=\count299
\leftroot@=\count300
LaTeX Info: Redefining \overline on input line 399.
LaTeX Info: Redefining \colon on input line 410.
\classnum@=\count301
\DOTSCASE@=\count302
LaTeX Info: Redefining \ldots on input line 496.
LaTeX Info: Redefining \dots on input line 499.
LaTeX Info: Redefining \cdots on input line 620.
\Mathstrutbox@=\box52
\strutbox@=\box53
LaTeX Info: Redefining \big on input line 722.
LaTeX Info: Redefining \Big on input line 723.
LaTeX Info: Redefining \bigg on input line 724.
LaTeX Info: Redefining \Bigg on input line 725.
\big@size=\dimen149
LaTeX Font Info:    Redeclaring font encoding OML on input line 743.
LaTeX Font Info:    Redeclaring font encoding OMS on input line 744.
\macc@depth=\count303
LaTeX Info: Redefining \bmod on input line 905.
LaTeX Info: Redefining \pmod on input line 910.
LaTeX Info: Redefining \smash on input line 940.
LaTeX Info: Redefining \relbar on input line 970.
LaTeX Info: Redefining \Relbar on input line 971.
\c@MaxMatrixCols=\count304
\dotsspace@=\muskip17
\c@parentequation=\count305
\dspbrk@lvl=\count306
\tag@help=\toks23
\row@=\count307
\column@=\count308
\maxfields@=\count309
\andhelp@=\toks24
\eqnshift@=\dimen150
\alignsep@=\dimen151
\tagshift@=\dimen152
\tagwidth@=\dimen153
\totwidth@=\dimen154
\lineht@=\dimen155
\@envbody=\toks25
\multlinegap=\skip54
\multlinetaggap=\skip55
\mathdisplay@stack=\toks26
LaTeX Info: Redefining \[ on input line 2953.
LaTeX Info: Redefining \] on input line 2954.
) (/usr/share/texlive/texmf-dist/tex/latex/framed/framed.sty
Package: framed 2011/10/22 v 0.96: framed or shaded text with page breaks
\OuterFrameSep=\skip56
\fb@frw=\dimen156
\fb@frh=\dimen157
\FrameRule=\dimen158
\FrameSep=\dimen159
)
Package hyperref Info: Option `colorlinks' set `true' on input line 17.
(/usr/share/texlive/texmf-dist/tex/latex/l3backend/l3backend-xetex.def
File: l3backend-xetex.def 2024-01-04 L3 backend support: XeTeX
\g__graphics_track_int=\count310
\l__pdf_internal_box=\box54
\g__pdf_backend_object_int=\count311
\g__pdf_backend_annotation_int=\count312
\g__pdf_backend_link_int=\count313
) (./whitepaper.aux)
\openout1 = `whitepaper.aux'.

LaTeX Font Info:    Checking defaults for OML/cmm/m/it on input line 30.
LaTeX Font Info:    ... okay on input line 30.
LaTeX Font Info:    Checking defaults for OMS/cmsy/m/n on input line 30.
LaTeX Font Info:    ... okay on input line 30.
LaTeX Font Info:    Checking defaults for OT1/cmr/m/n on input line 30.
LaTeX Font Info:    ... okay on input line 30.
LaTeX Font Info:    Checking defaults for T1/cmr/m/n on input line 30.
LaTeX Font Info:    ... okay on input line 30.
LaTeX Font Info:    Checking defaults for TS1/cmr/m/n on input line 30.
LaTeX Font Info:    Trying to load font information for TS1+cmr on input line 3
0.
(/usr/share/texlive/texmf-dist/tex/latex/base/ts1cmr.fd
File: ts1cmr.fd 2023/04/13 v2.5m Standard LaTeX font definitions
)
LaTeX Font Info:    ... okay on input line 30.
LaTeX Font Info:    Checking defaults for TU/lmr/m/n on input line 30.
LaTeX Font Info:    ... okay on input line 30.
LaTeX Font Info:    Checking defaults for OMX/cmex/m/n on input line 30.
LaTeX Font Info:    ... okay on input line 30.
LaTeX Font Info:    Checking defaults for U/cmr/m/n on input line 30.
LaTeX Font Info:    ... okay on input line 30.
LaTeX Font Info:    Checking defaults for PD1/pdf/m/n on input line 30.
LaTeX Font Info:    ... okay on input line 30.
LaTeX Font Info:    Checking defaults for PU/pdf/m/n on input line 30.
LaTeX Font Info:    ... okay on input line 30.
(/usr/share/texlive/texmf-dist/tex/latex/graphics/color.sty
Package: color 2022/01/06 v1.3d Standard LaTeX Color (DPC)
(/usr/share/texlive/texmf-dist/tex/latex/graphics-cfg/color.cfg
File: color.cfg 2016/01/02 v1.6 sample color configuration
)
Package color Info: Driver file: xetex.def on input line 149.
(/usr/share/texlive/texmf-dist/tex/latex/graphics/mathcolor.ltx))
Package hyperref Info: Link coloring ON on input line 30.
(./whitepaper.out) (./whitepaper.out)
\@outlinefile=\write3
\openout3 = `whitepaper.out'.

(/usr/share/texlive/texmf-dist/tex/latex/fmtcount/fc-english.def
Invalid UTF-8 byte or sequence at line 10 replaced by U+FFFD.
Invalid UTF-8 byte or sequence at line 22 replaced by U+FFFD.
File: fc-english.def 2016/01/12
)
Missing character: There is no ∧ (U+2227) in font [lmroman17-regular]:mapping=t
ex-text;!
File: curvenote.png Graphic file (type bmp)
<curvenote.png>
Missing character: There is no ∧ (U+2227) in font [lmroman10-regular]:mapping=t
ex-text;!
Missing character: There is no ∧ (U+2227) in font [lmroman10-regular]:mapping=t
ex-text;!

Package natbib Warning: Citation `GMR85' on page 1 undefined on input line 76.

[1

]
Missing character: There is no ∧ (U+2227) in font [lmroman10-regular]:mapping=t
ex-text;!
Missing character: There is no ∧ (U+2227) in font [lmroman10-regular]:mapping=t
ex-text;!

Package natbib Warning: Citation `goodell2020greenBlockchain' on page 2 undefin
ed on input line 138.


Package natbib Warning: Citation `saleh2021pos' on page 2 undefined on input li
ne 139.

[2]
Missing character: There is no ∧ (U+2227) in font [lmroman10-regular]:mapping=t
ex-text;!

Package natbib Warning: Citation `ohlhaver2025compressed' on page 3 undefined o
n input line 151.


Package natbib Warning: Citation `worldcoinWhitepaper' on page 3 undefined on i
nput line 151.


Package natbib Warning: Citation `polkadot2025individuality' on page 3 undefine
d on input line 151.


Package natbib Warning: Citation `schardong2022ssiSurvey' on page 3 undefined o
n input line 154.


Package natbib Warning: Citation `pava2024ssiBlockchain' on page 3 undefined on
 input line 154.


Package natbib Warning: Citation `energy2024recTrading' on page 3 undefined on 
input line 157.


Package natbib Warning: Citation `fu2023recCommunity' on page 3 undefined on in
put line 157.


Package natbib Warning: Citation `infosys2025blockchainREC' on page 3 undefined
 on input line 157.


Overfull \hbox (22.5pt too wide) in paragraph at lines 187--187
[]\TU/lmtt/m/n/10 - **Human -centeredness:** The unit of verification is a uniq
ue human,[] 
 []


Overfull \hbox (1.5pt too wide) in paragraph at lines 187--187
[] \TU/lmtt/m/n/10 - **Privacy preservation:** Raw sustainability event data re
mains[] 
 []


Overfull \hbox (6.75pt too wide) in paragraph at lines 187--187
[] \TU/lmtt/m/n/10 - **Transparency and verifiability:** All claims must be bac
ked by[] 
 []


Overfull \hbox (6.75pt too wide) in paragraph at lines 187--187
[] \TU/lmtt/m/n/10 - **Global accessibility:** The protocol must be usable rega
rdless[] 
 []


Overfull \hbox (17.25pt too wide) in paragraph at lines 187--187
[]\TU/lmtt/m/n/10 of geographical location, financial resources, or device cons
traints.[] 
 []

[3]
Overfull \hbox (36.90602pt too wide) in paragraph at lines 209--213
\TU/lmr/m/n/10 Sismo, BrightID, Proof of Humanity, Gitcoin Passport, PolygonID,
 Passkeys/WebAuthn,
 []


Overfull \hbox (36.70036pt too wide) in paragraph at lines 228--230
[]\TU/lmr/bx/n/10 Zero-knowledge personhood: \TU/lmr/m/n/10 World ID, Humanity 
Protocol, Semaphore/RLN,
 []

[4]

Package hyperref Warning: Token not allowed in a PDF string (Unicode):
(hyperref)                removing `math shift' on input line 284.


Package hyperref Warning: Token not allowed in a PDF string (Unicode):
(hyperref)                removing `\rightarrow' on input line 284.


Package hyperref Warning: Token not allowed in a PDF string (Unicode):
(hyperref)                removing `math shift' on input line 284.


Overfull \hbox (138.0pt too wide) in paragraph at lines 297--297
[]\TU/lmtt/m/n/10 - smart meters and renewable energy certificates (I -RECs) {c
ite}`khurana2023recBlockchain`,[] 
 []


Overfull \hbox (33.0pt too wide) in paragraph at lines 297--297
[] \TU/lmtt/m/n/10 - solar generation and community microgrids {cite}`fu2023rec
Community`,[] 
 []


Overfull \hbox (36.25093pt too wide) in paragraph at lines 299--301
[]\TU/lmr/m/n/10 The MRV process produces a digitally signed report, denoted (\
mathsf{mrvReport}),
 []

[5]
Overfull \hbox (5.62602pt too wide) in paragraph at lines 302--306
[]\TU/lmr/m/n/10 [ \langle \mathsf{type}„ \mathsf{quantity}„ \mathsf{unit}„ \ma
thsf{co2e}„
 []


Overfull \hbox (1088.25pt too wide) in paragraph at lines 327--327
[]\TU/lmtt/m/n/10 The oracle checks the MRV report's digital signature to confi
rm that the data originated from the expected, trusted source (e.g., a verified
 IoT device, certified data provider, or a secure application) and has not been
 tampered with. This confirms who reported the action.[] 
 []


Overfull \hbox (1140.75pt too wide) in paragraph at lines 327--327
[]\TU/lmtt/m/n/10 The oracle verifies that the identical sustainability action 
has not already been reported and committed to the Proof Registry. This is a cr
ucial Sybil resistance and integrity check, often accomplished by checking the 
uniqueness of the $\mathsf{mrvHash}$ or related commitment data.[] 
 []


Overfull \hbox (1335.0pt too wide) in paragraph at lines 327--327
[]\TU/lmtt/m/n/10 The oracle cross -references the reported action with externa
l, trusted data sources. This adds an independent layer of verification. For ex
ample, if a renewable energy action is reported, the oracle may check its $\mat
hsf{impactValue}$ against public energy grid data or meteorological reports for
 that region and time.[] 
 []


Overfull \hbox (1224.75pt too wide) in paragraph at lines 327--327
[]\TU/lmtt/m/n/10 The oracle assesses the logical and technical plausibility of
 the reported $\mathsf{impactValue}$ by comparing it to established device or r
egional norms. For example, a single residential solar panel claiming to genera
te an implausibly high amount of energy in a short period would fail this check
.[] 
 []


Overfull \hbox (10.342pt too wide) in paragraph at lines 339--342
\TU/lmr/m/n/10 \mathsf{score} \rangle, \quad \sigma = \mathsf{Sign}_{sk_o}(\mat
hsf{claim})
 []

[6]
Overfull \hbox (12.41202pt too wide) in paragraph at lines 350--361
[]\TU/lmr/m/n/10 [ \mathsf{ProofRecord} = \langle \mathsf{humanId}„ \mathsf{imp
actType}„
 []


Overfull \hbox (11.32402pt too wide) in paragraph at lines 350--361
\TU/lmr/m/n/10 \mathsf{impactValue}„ \mathsf{methodologyHash}„ \mathsf{verifica
tionHash}„
 []


Overfull \hbox (43.5pt too wide) in paragraph at lines 394--394
[]\TU/lmtt/m/n/10 proves that the prover is a member of the human registry with
out revealing[] 
 []


Overfull \hbox (27.75pt too wide) in paragraph at lines 394--394
[]\TU/lmtt/m/n/10 the corresponding leaf in the Merkle tree {cite}`benSasson201
4zkSNARK`.[] 
 []


Overfull \hbox (59.25pt too wide) in paragraph at lines 394--394
[]\TU/lmtt/m/n/10 \(\mathsf{impactValue}\) and \(\mathsf{co2e}\) without exposi
ng raw activity.[] 
 []


Overfull \hbox (55.68002pt too wide) in paragraph at lines 407--410
[]\TU/lmr/m/n/10 [ \mathsf{score}(h) = \sum_{i \in \mathcal{P}(h)} w_i \cdot \m
athsf{impactValue}_i
 []

[7]
Overfull \hbox (1.772pt too wide) in paragraph at lines 424--429
\TU/lmr/m/n/10 digital signature scheme ((\textsf{KeyGen},\textsf{Sign},\textsf
{Verify})), and
 []


Overfull \hbox (5.93002pt too wide) in paragraph at lines 430--436
\TU/lmr/m/n/10 \mathsf{humanId}_u = \mathcal{H}(pk_u \parallel \mathsf{uniquePr
oof}_u)
 []


Overfull \hbox (49.92291pt too wide) in paragraph at lines 437--446
\TU/lmr/m/n/10 equivalent (\mathsf{co2e}), timestamp (t), and MRV evidence bund
le (\mathsf{evidence}).
 []


Overfull \hbox (26.55948pt too wide) in paragraph at lines 447--455
\TU/lmr/m/n/10 a signed claim: [ \mathsf{claim} = \langle \mathsf{humanId}\TU/l
mr/m/it/10 u,; \mathsf{mrvHash},;
 []


Overfull \hbox (102.23318pt too wide) in paragraph at lines 447--455
\TU/lmr/m/it/10 \mathsf{methodology},; \mathsf{score} \rangle , \quad \sigma = 
\textsf{Sign}\TU/lmr/m/n/10 {sk_o}(\mathsf{claim})
 []


Overfull \hbox (22.46617pt too wide) in paragraph at lines 456--466
[]\TU/lmr/m/n/10 A \TU/lmr/m/it/10 Real-World Action Proof \TU/lmr/m/n/10 (RWAP
) commitment is defined as: [ \mathsf{RWAP}
 []


Overfull \hbox (6.45671pt too wide) in paragraph at lines 467--471
[]\TU/lmr/m/n/10 A PoSH proof is generated by a procedure (\textsf{ProvePoSH}(u
,E) \rightar-
 []


Overfull \hbox (36.24284pt too wide) in paragraph at lines 484--490
\TU/lmr/m/n/10 natures: [ \Pr[\mathcal{A} \text{ forges } \mathsf{RWAP}] \leq \
text{negl}(\lambda)
 []

[8]
Overfull \hbox (127.5pt too wide) in paragraph at lines 515--515
[]\TU/lmtt/m/n/10 **PoSH** | RWAP commitments | **Positive externality** | **Di
rect sustainability actions**[] 
 []


Overfull \hbox (70.61201pt too wide) in paragraph at lines 530--536
[]\TU/lmr/m/n/10 For a UC-style abstraction, we consider an ideal functionality
 (\mathcal{F}\TU/lmr/m/it/10 {\textsf{PoSH}})
 []


Overfull \hbox (2.57674pt too wide) in paragraph at lines 530--536
\TU/lmr/m/it/10 that maintains a registry of valid sustainability commitments a
nd enforces unique-
 []


Overfull \hbox (9.24559pt too wide) in paragraph at lines 530--536
\TU/lmr/m/it/10 col (\Pi\TU/lmr/m/n/10 {\textsf{PoSH}}) is required to emulate 
(\mathcal{F}_{\textsf{PoSH}})
 []

[9]

Package natbib Warning: Citation `worldcoinWhitepaper' on page 10 undefined on 
input line 565.


Package natbib Warning: Citation `ohlhaver2025compressed' on page 10 undefined 
on input line 566.


Package natbib Warning: Citation `polkadot2025individuality' on page 10 undefin
ed on input line 569.


Package natbib Warning: Citation `schardong2022ssiSurvey' on page 10 undefined 
on input line 577.


Package natbib Warning: Citation `pava2024ssiBlockchain' on page 10 undefined o
n input line 578.


Package natbib Warning: Citation `pohn2024ssiThreats' on page 10 undefined on i
nput line 579.


Package natbib Warning: Citation `energy2024recTrading' on page 10 undefined on
 input line 589.


Package natbib Warning: Citation `fu2023recCommunity' on page 10 undefined on i
nput line 590.


Package natbib Warning: Citation `infosys2025blockchainREC' on page 10 undefine
d on input line 591.


Package natbib Warning: Citation `heliyon2025indonesiaREC' on page 10 undefined
 on input line 591.


Overfull \hbox (11.33002pt too wide) in paragraph at lines 586--596
\TU/lmr/m/n/10 Tokenizing sustainability attributes—such as renewable energy ce
rtificates (RECs),
 []

[10]
Overfull \hbox (3.47173pt too wide) in paragraph at lines 623--625
[]\TU/lmr/bx/n/10 Manipulate reputation systems: \TU/lmr/m/n/10 artificially in
flate sustainability scores
 []

[11] [12]
Overfull \hbox (3.37402pt too wide) in paragraph at lines 753--756
\TU/lmr/m/n/10 sible through cross-chain anchoring, multi-layer proof aggregati
on, and hardware-
 []


Overfull \hbox (3.8543pt too wide) in paragraph at lines 763--763
[]\TU/lmr/bx/n/14.4 Universal Composability Specification of PoSH 
 []

[13]

Package natbib Warning: Citation `Canetti01' on page 14 undefined on input line
 776.

[14] [15])
Runaway argument?
{Ideal Functionality {\textbackslash }texorpdfstring\{$\mathcal {F_{\textsf \ET
C.
! File ended while scanning use of \@xdblarg.
<inserted text> 
                \par 
<*> whitepaper.tex
                  
I suspect you have forgotten a `}', causing me
to read past where you wanted me to stop.
I'll try to recover; but if the error is serious,
you'd better type `E' or `X' now and fix your file.

! Emergency stop.
<*> whitepaper.tex
                  
*** (job aborted, no legal \end found)

 
Here is how much of TeX's memory you used:
 10281 strings out of 476835
 159256 string characters out of 5804107
 1929627 words of memory out of 5000000
 32051 multiletter control sequences out of 15000+600000
 563318 words of font info for 69 fonts, out of 8000000 for 9000
 36 hyphenation exceptions out of 8191
 72i,6n,79p,1013b,478s stack positions out of 10000i,1000n,20000p,200000b,200000s
Output written on whitepaper.xdv (15 pages, 329220 bytes).
